AR tw_8254_cnt behavioral C:/KDH/Doc/18y6s/adca/PCFG/PCFG_18/fpga_data_flow_test/vhdl/tw_8254_cnt.vhd sub00/vhpl09 1542885135
EN sram2k NULL C:/KDH/Doc/18y6s/adca/PCFG/PCFG_18/fpga_data_flow_test/ipcore_dir/sram2k.vhd sub00/vhpl16 1542885142
EN signal_controller NULL C:/KDH/Doc/18y6s/adca/PCFG/PCFG_18/fpga_data_flow_test/vhdl/signal_controller.vhd sub00/vhpl14 1542885140
EN compsub NULL C:/KDH/Doc/18y6s/adca/PCFG/PCFG_18/fpga_data_flow_test/vhdl/CompSub.vhd sub00/vhpl00 1542885126
AR daccnt behavioral C:/KDH/Doc/18y6s/adca/PCFG/PCFG_18/fpga_data_flow_test/vhdl/DACcnt.vhd sub00/vhpl05 1542885131
AR compsub behavioral C:/KDH/Doc/18y6s/adca/PCFG/PCFG_18/fpga_data_flow_test/vhdl/CompSub.vhd sub00/vhpl01 1542885127
AR pcfg_top behavioral C:/KDH/Doc/18y6s/adca/PCFG/PCFG_18/fpga_data_flow_test/vhdl/pcfg_top.vhd sub00/vhpl21 1542885147
EN tw_8254_cnt NULL C:/KDH/Doc/18y6s/adca/PCFG/PCFG_18/fpga_data_flow_test/vhdl/tw_8254_cnt.vhd sub00/vhpl08 1542885134
AR averager behavioral C:/KDH/Doc/18y6s/adca/PCFG/PCFG_18/fpga_data_flow_test/vhdl/Averager.vhd sub00/vhpl19 1542885145
AR sram2k sram2k_a C:/KDH/Doc/18y6s/adca/PCFG/PCFG_18/fpga_data_flow_test/ipcore_dir/sram2k.vhd sub00/vhpl17 1542885143
EN daccnt NULL C:/KDH/Doc/18y6s/adca/PCFG/PCFG_18/fpga_data_flow_test/vhdl/DACcnt.vhd sub00/vhpl04 1542885130
AR address_decoder behavioral C:/KDH/Doc/18y6s/adca/PCFG/PCFG_18/fpga_data_flow_test/vhdl/address_decoder.vhd sub00/vhpl13 1542885139
AR adccnt behavioral C:/KDH/Doc/18y6s/adca/PCFG/PCFG_18/fpga_data_flow_test/vhdl/ADCcnt.vhd sub00/vhpl07 1542885133
EN pcfg_top NULL C:/KDH/Doc/18y6s/adca/PCFG/PCFG_18/fpga_data_flow_test/vhdl/pcfg_top.vhd sub00/vhpl20 1542885146
EN adccnt NULL C:/KDH/Doc/18y6s/adca/PCFG/PCFG_18/fpga_data_flow_test/vhdl/ADCcnt.vhd sub00/vhpl06 1542885132
EN address_decoder NULL C:/KDH/Doc/18y6s/adca/PCFG/PCFG_18/fpga_data_flow_test/vhdl/address_decoder.vhd sub00/vhpl12 1542885138
EN top_8254 NULL C:/KDH/Doc/18y6s/adca/PCFG/PCFG_18/fpga_data_flow_test/vhdl/top_8254.vhd sub00/vhpl10 1542885136
AR signal_controller behavioral C:/KDH/Doc/18y6s/adca/PCFG/PCFG_18/fpga_data_flow_test/vhdl/signal_controller.vhd sub00/vhpl15 1542885141
EN averager NULL C:/KDH/Doc/18y6s/adca/PCFG/PCFG_18/fpga_data_flow_test/vhdl/Averager.vhd sub00/vhpl18 1542885144
EN remcontroller NULL C:/KDH/Doc/18y6s/adca/PCFG/PCFG_18/fpga_data_flow_test/vhdl/remcontroller.vhd sub00/vhpl02 1542885128
AR remcontroller behavioral C:/KDH/Doc/18y6s/adca/PCFG/PCFG_18/fpga_data_flow_test/vhdl/remcontroller.vhd sub00/vhpl03 1542885129
AR top_8254 behavioral C:/KDH/Doc/18y6s/adca/PCFG/PCFG_18/fpga_data_flow_test/vhdl/top_8254.vhd sub00/vhpl11 1542885137
