V3 45
FL C:/KDH/Doc/18y6s/adca/PCFG/PCFG_18/fpga_data_flow_test/ipcore_dir/sram2k.vhd 2018/11/22.10:21:48 P.20131013
EN work/sram2k 1542853679 \
      FL C:/KDH/Doc/18y6s/adca/PCFG/PCFG_18/fpga_data_flow_test/ipcore_dir/sram2k.vhd \
      PB ieee/std_logic_1164 1381692176
AR work/sram2k/sram2k_a 1542853680 \
      FL C:/KDH/Doc/18y6s/adca/PCFG/PCFG_18/fpga_data_flow_test/ipcore_dir/sram2k.vhd \
      EN work/sram2k 1542853679
FL C:/KDH/Doc/18y6s/adca/PCFG/PCFG_18/fpga_data_flow_test/vhdl/ADCcnt.vhd 2018/11/21.15:16:07 P.20131013
EN work/ADCcnt 1542853669 \
      FL C:/KDH/Doc/18y6s/adca/PCFG/PCFG_18/fpga_data_flow_test/vhdl/ADCcnt.vhd \
      PB ieee/std_logic_1164 1381692176 PB ieee/std_logic_arith 1381692177 \
      PB ieee/STD_LOGIC_UNSIGNED 1381692179
AR work/ADCcnt/Behavioral 1542853670 \
      FL C:/KDH/Doc/18y6s/adca/PCFG/PCFG_18/fpga_data_flow_test/vhdl/ADCcnt.vhd \
      EN work/ADCcnt 1542853669
FL C:/KDH/Doc/18y6s/adca/PCFG/PCFG_18/fpga_data_flow_test/vhdl/address_decoder.vhd 2018/11/21.15:16:07 P.20131013
EN work/address_decoder 1542853675 \
      FL C:/KDH/Doc/18y6s/adca/PCFG/PCFG_18/fpga_data_flow_test/vhdl/address_decoder.vhd \
      PB ieee/std_logic_1164 1381692176 PB ieee/std_logic_arith 1381692177 \
      PB ieee/STD_LOGIC_UNSIGNED 1381692179 LB UNISIM PH unisim/VCOMPONENTS 1381692182
AR work/address_decoder/Behavioral 1542853676 \
      FL C:/KDH/Doc/18y6s/adca/PCFG/PCFG_18/fpga_data_flow_test/vhdl/address_decoder.vhd \
      EN work/address_decoder 1542853675
FL C:/KDH/Doc/18y6s/adca/PCFG/PCFG_18/fpga_data_flow_test/vhdl/Averager.vhd 2018/11/21.19:37:53 P.20131013
EN work/Averager 1542853681 \
      FL C:/KDH/Doc/18y6s/adca/PCFG/PCFG_18/fpga_data_flow_test/vhdl/Averager.vhd \
      PB ieee/std_logic_1164 1381692176 PB ieee/std_logic_arith 1381692177 \
      PB ieee/STD_LOGIC_UNSIGNED 1381692179 LB UNISIM PH unisim/VCOMPONENTS 1381692182
AR work/Averager/Behavioral 1542853682 \
      FL C:/KDH/Doc/18y6s/adca/PCFG/PCFG_18/fpga_data_flow_test/vhdl/Averager.vhd \
      EN work/Averager 1542853681 CP CompSub
FL C:/KDH/Doc/18y6s/adca/PCFG/PCFG_18/fpga_data_flow_test/vhdl/CompSub.vhd 2018/11/21.15:16:07 P.20131013
EN work/CompSub 1542853663 \
      FL C:/KDH/Doc/18y6s/adca/PCFG/PCFG_18/fpga_data_flow_test/vhdl/CompSub.vhd \
      PB ieee/std_logic_1164 1381692176 PB ieee/std_logic_arith 1381692177 \
      PB ieee/STD_LOGIC_UNSIGNED 1381692179 LB UNISIM PH unisim/VCOMPONENTS 1381692182
AR work/CompSub/Behavioral 1542853664 \
      FL C:/KDH/Doc/18y6s/adca/PCFG/PCFG_18/fpga_data_flow_test/vhdl/CompSub.vhd \
      EN work/CompSub 1542853663
FL C:/KDH/Doc/18y6s/adca/PCFG/PCFG_18/fpga_data_flow_test/vhdl/DACcnt.vhd 2018/11/21.19:37:53 P.20131013
EN work/DACcnt 1542853667 \
      FL C:/KDH/Doc/18y6s/adca/PCFG/PCFG_18/fpga_data_flow_test/vhdl/DACcnt.vhd \
      PB ieee/std_logic_1164 1381692176 PB ieee/std_logic_arith 1381692177 \
      PB ieee/STD_LOGIC_UNSIGNED 1381692179
AR work/DACcnt/Behavioral 1542853668 \
      FL C:/KDH/Doc/18y6s/adca/PCFG/PCFG_18/fpga_data_flow_test/vhdl/DACcnt.vhd \
      EN work/DACcnt 1542853667
FL C:/KDH/Doc/18y6s/adca/PCFG/PCFG_18/fpga_data_flow_test/vhdl/pcfg_top.vhd 2018/11/21.19:37:53 P.20131013
EN work/PCFG_TOP 1542853683 \
      FL C:/KDH/Doc/18y6s/adca/PCFG/PCFG_18/fpga_data_flow_test/vhdl/pcfg_top.vhd \
      PB ieee/std_logic_1164 1381692176 PB ieee/std_logic_arith 1381692177 \
      PB ieee/STD_LOGIC_UNSIGNED 1381692179 LB UNISIM PH unisim/VCOMPONENTS 1381692182
AR work/PCFG_TOP/Behavioral 1542853684 \
      FL C:/KDH/Doc/18y6s/adca/PCFG/PCFG_18/fpga_data_flow_test/vhdl/pcfg_top.vhd \
      EN work/PCFG_TOP 1542853683 CP IBUFG CP TOP_8254 CP address_decoder \
      CP signal_controller CP sram2k CP Averager
FL C:/KDH/Doc/18y6s/adca/PCFG/PCFG_18/fpga_data_flow_test/vhdl/remcontroller.vhd 2018/11/21.15:16:07 P.20131013
EN work/RemController 1542853665 \
      FL C:/KDH/Doc/18y6s/adca/PCFG/PCFG_18/fpga_data_flow_test/vhdl/remcontroller.vhd \
      PB ieee/std_logic_1164 1381692176 PB ieee/std_logic_arith 1381692177 \
      PB ieee/STD_LOGIC_UNSIGNED 1381692179
AR work/RemController/Behavioral 1542853666 \
      FL C:/KDH/Doc/18y6s/adca/PCFG/PCFG_18/fpga_data_flow_test/vhdl/remcontroller.vhd \
      EN work/RemController 1542853665
FL C:/KDH/Doc/18y6s/adca/PCFG/PCFG_18/fpga_data_flow_test/vhdl/signal_controller.vhd 2018/11/22.11:27:38 P.20131013
EN work/signal_controller 1542853677 \
      FL C:/KDH/Doc/18y6s/adca/PCFG/PCFG_18/fpga_data_flow_test/vhdl/signal_controller.vhd \
      PB ieee/std_logic_1164 1381692176 PB ieee/std_logic_arith 1381692177 \
      PB ieee/STD_LOGIC_UNSIGNED 1381692179 LB UNISIM PH unisim/VCOMPONENTS 1381692182
AR work/signal_controller/Behavioral 1542853678 \
      FL C:/KDH/Doc/18y6s/adca/PCFG/PCFG_18/fpga_data_flow_test/vhdl/signal_controller.vhd \
      EN work/signal_controller 1542853677 CP RemController CP DACcnt CP ADCcnt
FL C:/KDH/Doc/18y6s/adca/PCFG/PCFG_18/fpga_data_flow_test/vhdl/top_8254.vhd 2018/11/21.15:16:08 P.20131013
EN work/TOP_8254 1542853673 \
      FL C:/KDH/Doc/18y6s/adca/PCFG/PCFG_18/fpga_data_flow_test/vhdl/top_8254.vhd \
      PB ieee/std_logic_1164 1381692176 PB ieee/std_logic_arith 1381692177 \
      PB ieee/STD_LOGIC_UNSIGNED 1381692179
AR work/TOP_8254/Behavioral 1542853674 \
      FL C:/KDH/Doc/18y6s/adca/PCFG/PCFG_18/fpga_data_flow_test/vhdl/top_8254.vhd \
      EN work/TOP_8254 1542853673 CP TW_8254_CNT
FL C:/KDH/Doc/18y6s/adca/PCFG/PCFG_18/fpga_data_flow_test/vhdl/tw_8254_cnt.vhd 2018/11/21.15:16:08 P.20131013
EN work/TW_8254_CNT 1542853671 \
      FL C:/KDH/Doc/18y6s/adca/PCFG/PCFG_18/fpga_data_flow_test/vhdl/tw_8254_cnt.vhd \
      PB ieee/std_logic_1164 1381692176 PB ieee/std_logic_arith 1381692177 \
      PB ieee/STD_LOGIC_UNSIGNED 1381692179
AR work/TW_8254_CNT/Behavioral 1542853672 \
      FL C:/KDH/Doc/18y6s/adca/PCFG/PCFG_18/fpga_data_flow_test/vhdl/tw_8254_cnt.vhd \
      EN work/TW_8254_CNT 1542853671
