V3 45
FL C:/KDH/Doc/18y6s/adca/PCFG/PCFG_18/fpga_data_flow_test/ipcore_dir/sram2k.vhd 2018/11/22.10:21:48 P.20131013
EN work/sram2k 1542873604 \
      FL C:/KDH/Doc/18y6s/adca/PCFG/PCFG_18/fpga_data_flow_test/ipcore_dir/sram2k.vhd \
      PB ieee/std_logic_1164 1381692176
AR work/sram2k/sram2k_a 1542873605 \
      FL C:/KDH/Doc/18y6s/adca/PCFG/PCFG_18/fpga_data_flow_test/ipcore_dir/sram2k.vhd \
      EN work/sram2k 1542873604
FL C:/KDH/Doc/18y6s/adca/PCFG/PCFG_18/fpga_data_flow_test/vhdl/ADCcnt.vhd 2018/11/21.15:16:07 P.20131013
EN work/ADCcnt 1542873594 \
      FL C:/KDH/Doc/18y6s/adca/PCFG/PCFG_18/fpga_data_flow_test/vhdl/ADCcnt.vhd \
      PB ieee/std_logic_1164 1381692176 PB ieee/std_logic_arith 1381692177 \
      PB ieee/STD_LOGIC_UNSIGNED 1381692179
AR work/ADCcnt/Behavioral 1542873595 \
      FL C:/KDH/Doc/18y6s/adca/PCFG/PCFG_18/fpga_data_flow_test/vhdl/ADCcnt.vhd \
      EN work/ADCcnt 1542873594
FL C:/KDH/Doc/18y6s/adca/PCFG/PCFG_18/fpga_data_flow_test/vhdl/address_decoder.vhd 2018/11/21.15:16:07 P.20131013
EN work/address_decoder 1542873600 \
      FL C:/KDH/Doc/18y6s/adca/PCFG/PCFG_18/fpga_data_flow_test/vhdl/address_decoder.vhd \
      PB ieee/std_logic_1164 1381692176 PB ieee/std_logic_arith 1381692177 \
      PB ieee/STD_LOGIC_UNSIGNED 1381692179 LB UNISIM PH unisim/VCOMPONENTS 1381692182
AR work/address_decoder/Behavioral 1542873601 \
      FL C:/KDH/Doc/18y6s/adca/PCFG/PCFG_18/fpga_data_flow_test/vhdl/address_decoder.vhd \
      EN work/address_decoder 1542873600
FL C:/KDH/Doc/18y6s/adca/PCFG/PCFG_18/fpga_data_flow_test/vhdl/Averager.vhd 2018/11/21.19:37:53 P.20131013
EN work/Averager 1542873606 \
      FL C:/KDH/Doc/18y6s/adca/PCFG/PCFG_18/fpga_data_flow_test/vhdl/Averager.vhd \
      PB ieee/std_logic_1164 1381692176 PB ieee/std_logic_arith 1381692177 \
      PB ieee/STD_LOGIC_UNSIGNED 1381692179 LB UNISIM PH unisim/VCOMPONENTS 1381692182
AR work/Averager/Behavioral 1542873607 \
      FL C:/KDH/Doc/18y6s/adca/PCFG/PCFG_18/fpga_data_flow_test/vhdl/Averager.vhd \
      EN work/Averager 1542873606 CP CompSub
FL C:/KDH/Doc/18y6s/adca/PCFG/PCFG_18/fpga_data_flow_test/vhdl/CompSub.vhd 2018/11/21.15:16:07 P.20131013
EN work/CompSub 1542873588 \
      FL C:/KDH/Doc/18y6s/adca/PCFG/PCFG_18/fpga_data_flow_test/vhdl/CompSub.vhd \
      PB ieee/std_logic_1164 1381692176 PB ieee/std_logic_arith 1381692177 \
      PB ieee/STD_LOGIC_UNSIGNED 1381692179 LB UNISIM PH unisim/VCOMPONENTS 1381692182
AR work/CompSub/Behavioral 1542873589 \
      FL C:/KDH/Doc/18y6s/adca/PCFG/PCFG_18/fpga_data_flow_test/vhdl/CompSub.vhd \
      EN work/CompSub 1542873588
FL C:/KDH/Doc/18y6s/adca/PCFG/PCFG_18/fpga_data_flow_test/vhdl/DACcnt.vhd 2018/11/22.15:39:32 P.20131013
EN work/DACcnt 1542873592 \
      FL C:/KDH/Doc/18y6s/adca/PCFG/PCFG_18/fpga_data_flow_test/vhdl/DACcnt.vhd \
      PB ieee/std_logic_1164 1381692176 PB ieee/std_logic_arith 1381692177 \
      PB ieee/STD_LOGIC_UNSIGNED 1381692179
AR work/DACcnt/Behavioral 1542873593 \
      FL C:/KDH/Doc/18y6s/adca/PCFG/PCFG_18/fpga_data_flow_test/vhdl/DACcnt.vhd \
      EN work/DACcnt 1542873592
FL C:/KDH/Doc/18y6s/adca/PCFG/PCFG_18/fpga_data_flow_test/vhdl/pcfg_top.vhd 2018/11/22.15:23:58 P.20131013
EN work/PCFG_TOP 1542873608 \
      FL C:/KDH/Doc/18y6s/adca/PCFG/PCFG_18/fpga_data_flow_test/vhdl/pcfg_top.vhd \
      PB ieee/std_logic_1164 1381692176 PB ieee/std_logic_arith 1381692177 \
      PB ieee/STD_LOGIC_UNSIGNED 1381692179 LB UNISIM PH unisim/VCOMPONENTS 1381692182
AR work/PCFG_TOP/Behavioral 1542873609 \
      FL C:/KDH/Doc/18y6s/adca/PCFG/PCFG_18/fpga_data_flow_test/vhdl/pcfg_top.vhd \
      EN work/PCFG_TOP 1542873608 CP IBUFG CP TOP_8254 CP address_decoder \
      CP signal_controller CP sram2k CP Averager
FL C:/KDH/Doc/18y6s/adca/PCFG/PCFG_18/fpga_data_flow_test/vhdl/remcontroller.vhd 2018/11/22.11:37:20 P.20131013
EN work/RemController 1542873590 \
      FL C:/KDH/Doc/18y6s/adca/PCFG/PCFG_18/fpga_data_flow_test/vhdl/remcontroller.vhd \
      PB ieee/std_logic_1164 1381692176 PB ieee/std_logic_arith 1381692177 \
      PB ieee/STD_LOGIC_UNSIGNED 1381692179
AR work/RemController/Behavioral 1542873591 \
      FL C:/KDH/Doc/18y6s/adca/PCFG/PCFG_18/fpga_data_flow_test/vhdl/remcontroller.vhd \
      EN work/RemController 1542873590
FL C:/KDH/Doc/18y6s/adca/PCFG/PCFG_18/fpga_data_flow_test/vhdl/signal_controller.vhd 2018/11/22.16:59:29 P.20131013
EN work/signal_controller 1542873602 \
      FL C:/KDH/Doc/18y6s/adca/PCFG/PCFG_18/fpga_data_flow_test/vhdl/signal_controller.vhd \
      PB ieee/std_logic_1164 1381692176 PB ieee/std_logic_arith 1381692177 \
      PB ieee/STD_LOGIC_UNSIGNED 1381692179 LB UNISIM PH unisim/VCOMPONENTS 1381692182
AR work/signal_controller/Behavioral 1542873603 \
      FL C:/KDH/Doc/18y6s/adca/PCFG/PCFG_18/fpga_data_flow_test/vhdl/signal_controller.vhd \
      EN work/signal_controller 1542873602 CP RemController CP DACcnt CP ADCcnt
FL C:/KDH/Doc/18y6s/adca/PCFG/PCFG_18/fpga_data_flow_test/vhdl/top_8254.vhd 2018/11/21.15:16:08 P.20131013
EN work/TOP_8254 1542873598 \
      FL C:/KDH/Doc/18y6s/adca/PCFG/PCFG_18/fpga_data_flow_test/vhdl/top_8254.vhd \
      PB ieee/std_logic_1164 1381692176 PB ieee/std_logic_arith 1381692177 \
      PB ieee/STD_LOGIC_UNSIGNED 1381692179
AR work/TOP_8254/Behavioral 1542873599 \
      FL C:/KDH/Doc/18y6s/adca/PCFG/PCFG_18/fpga_data_flow_test/vhdl/top_8254.vhd \
      EN work/TOP_8254 1542873598 CP TW_8254_CNT
FL C:/KDH/Doc/18y6s/adca/PCFG/PCFG_18/fpga_data_flow_test/vhdl/tw_8254_cnt.vhd 2018/11/21.15:16:08 P.20131013
EN work/TW_8254_CNT 1542873596 \
      FL C:/KDH/Doc/18y6s/adca/PCFG/PCFG_18/fpga_data_flow_test/vhdl/tw_8254_cnt.vhd \
      PB ieee/std_logic_1164 1381692176 PB ieee/std_logic_arith 1381692177 \
      PB ieee/STD_LOGIC_UNSIGNED 1381692179
AR work/TW_8254_CNT/Behavioral 1542873597 \
      FL C:/KDH/Doc/18y6s/adca/PCFG/PCFG_18/fpga_data_flow_test/vhdl/tw_8254_cnt.vhd \
      EN work/TW_8254_CNT 1542873596
