Release 14.7 - xst P.20131013 (nt64)
Copyright (c) 1995-2013 Xilinx, Inc.  All rights reserved.
--> Parameter TMPDIR set to xst/projnav.tmp


Total REAL time to Xst completion: 0.00 secs
Total CPU time to Xst completion: 0.16 secs
 
--> Parameter xsthdpdir set to xst


Total REAL time to Xst completion: 0.00 secs
Total CPU time to Xst completion: 0.16 secs
 
--> Reading design: PCFG_TOP.prj

TABLE OF CONTENTS
  1) Synthesis Options Summary
  2) HDL Compilation
  3) Design Hierarchy Analysis
  4) HDL Analysis
  5) HDL Synthesis
     5.1) HDL Synthesis Report
  6) Advanced HDL Synthesis
     6.1) Advanced HDL Synthesis Report
  7) Low Level Synthesis
  8) Partition Report
  9) Final Report
	9.1) Device utilization summary
	9.2) Partition Resource Summary
	9.3) TIMING REPORT


=========================================================================
*                      Synthesis Options Summary                        *
=========================================================================
---- Source Parameters
Input File Name                    : "PCFG_TOP.prj"
Input Format                       : mixed
Ignore Synthesis Constraint File   : NO

---- Target Parameters
Output File Name                   : "PCFG_TOP"
Output Format                      : NGC
Target Device                      : xc3s5000-4-fg900

---- Source Options
Top Module Name                    : PCFG_TOP
Automatic FSM Extraction           : YES
FSM Encoding Algorithm             : Auto
Safe Implementation                : No
FSM Style                          : LUT
RAM Extraction                     : Yes
RAM Style                          : Auto
ROM Extraction                     : Yes
Mux Style                          : Auto
Decoder Extraction                 : YES
Priority Encoder Extraction        : Yes
Shift Register Extraction          : YES
Logical Shifter Extraction         : YES
XOR Collapsing                     : YES
ROM Style                          : Auto
Mux Extraction                     : Yes
Resource Sharing                   : YES
Asynchronous To Synchronous        : NO
Multiplier Style                   : Auto
Automatic Register Balancing       : No

---- Target Options
Add IO Buffers                     : YES
Global Maximum Fanout              : 100000
Add Generic Clock Buffer(BUFG)     : 8
Register Duplication               : YES
Slice Packing                      : YES
Optimize Instantiated Primitives   : NO
Use Clock Enable                   : Yes
Use Synchronous Set                : Yes
Use Synchronous Reset              : Yes
Pack IO Registers into IOBs        : Auto
Equivalent register Removal        : YES

---- General Options
Optimization Goal                  : Speed
Optimization Effort                : 1
Keep Hierarchy                     : No
Netlist Hierarchy                  : As_Optimized
RTL Output                         : Yes
Global Optimization                : AllClockNets
Read Cores                         : YES
Write Timing Constraints           : NO
Cross Clock Analysis               : NO
Hierarchy Separator                : /
Bus Delimiter                      : <>
Case Specifier                     : Maintain
Slice Utilization Ratio            : 100
BRAM Utilization Ratio             : 100
Verilog 2001                       : YES
Auto BRAM Packing                  : NO
Slice Utilization Ratio Delta      : 5

---- Other Options
Cores Search Directories           : {"ipcore_dir"  }

=========================================================================


=========================================================================
*                          HDL Compilation                              *
=========================================================================
Compiling vhdl file "C:/KDH/Doc/18y6s/adca/PCFG/PCFG_18/fpga_data_flow_test/vhdl/CompSub.vhd" in Library work.
Architecture behavioral of Entity compsub is up to date.
Compiling vhdl file "C:/KDH/Doc/18y6s/adca/PCFG/PCFG_18/fpga_data_flow_test/vhdl/remcontroller.vhd" in Library work.
Architecture behavioral of Entity remcontroller is up to date.
Compiling vhdl file "C:/KDH/Doc/18y6s/adca/PCFG/PCFG_18/fpga_data_flow_test/vhdl/DACcnt.vhd" in Library work.
Architecture behavioral of Entity daccnt is up to date.
Compiling vhdl file "C:/KDH/Doc/18y6s/adca/PCFG/PCFG_18/fpga_data_flow_test/vhdl/ADCcnt.vhd" in Library work.
Architecture behavioral of Entity adccnt is up to date.
Compiling vhdl file "C:/KDH/Doc/18y6s/adca/PCFG/PCFG_18/fpga_data_flow_test/vhdl/tw_8254_cnt.vhd" in Library work.
Architecture behavioral of Entity tw_8254_cnt is up to date.
Compiling vhdl file "C:/KDH/Doc/18y6s/adca/PCFG/PCFG_18/fpga_data_flow_test/vhdl/top_8254.vhd" in Library work.
Architecture behavioral of Entity top_8254 is up to date.
Compiling vhdl file "C:/KDH/Doc/18y6s/adca/PCFG/PCFG_18/fpga_data_flow_test/vhdl/address_decoder.vhd" in Library work.
Architecture behavioral of Entity address_decoder is up to date.
Compiling vhdl file "C:/KDH/Doc/18y6s/adca/PCFG/PCFG_18/fpga_data_flow_test/vhdl/signal_controller.vhd" in Library work.
Entity <signal_controller> compiled.
Entity <signal_controller> (Architecture <behavioral>) compiled.
Compiling vhdl file "C:/KDH/Doc/18y6s/adca/PCFG/PCFG_18/fpga_data_flow_test/ipcore_dir/sram2k.vhd" in Library work.
Architecture sram2k_a of Entity sram2k is up to date.
Compiling vhdl file "C:/KDH/Doc/18y6s/adca/PCFG/PCFG_18/fpga_data_flow_test/vhdl/Averager.vhd" in Library work.
Architecture behavioral of Entity averager is up to date.
Compiling vhdl file "C:/KDH/Doc/18y6s/adca/PCFG/PCFG_18/fpga_data_flow_test/vhdl/pcfg_top.vhd" in Library work.
Architecture behavioral of Entity pcfg_top is up to date.

=========================================================================
*                     Design Hierarchy Analysis                         *
=========================================================================
Analyzing hierarchy for entity <PCFG_TOP> in library <work> (architecture <behavioral>).

Analyzing hierarchy for entity <TOP_8254> in library <work> (architecture <behavioral>).

Analyzing hierarchy for entity <address_decoder> in library <work> (architecture <behavioral>).

Analyzing hierarchy for entity <signal_controller> in library <work> (architecture <behavioral>).

Analyzing hierarchy for entity <Averager> in library <work> (architecture <behavioral>).

Analyzing hierarchy for entity <TW_8254_CNT> in library <work> (architecture <behavioral>).

Analyzing hierarchy for entity <RemController> in library <work> (architecture <behavioral>).

Analyzing hierarchy for entity <DACcnt> in library <work> (architecture <behavioral>).

Analyzing hierarchy for entity <ADCcnt> in library <work> (architecture <behavioral>).

Analyzing hierarchy for entity <CompSub> in library <work> (architecture <behavioral>).


=========================================================================
*                            HDL Analysis                               *
=========================================================================
Analyzing Entity <PCFG_TOP> in library <work> (Architecture <behavioral>).
    Set user-defined property "CAPACITANCE =  DONT_CARE" for instance <s_clk_g> in unit <PCFG_TOP>.
    Set user-defined property "IBUF_DELAY_VALUE =  0" for instance <s_clk_g> in unit <PCFG_TOP>.
    Set user-defined property "IBUF_LOW_PWR =  TRUE" for instance <s_clk_g> in unit <PCFG_TOP>.
    Set user-defined property "IOSTANDARD =  DEFAULT" for instance <s_clk_g> in unit <PCFG_TOP>.
WARNING:Xst:753 - "C:/KDH/Doc/18y6s/adca/PCFG/PCFG_18/fpga_data_flow_test/vhdl/pcfg_top.vhd" line 300: Unconnected output port 'm_out1' of component 'TOP_8254'.
WARNING:Xst:753 - "C:/KDH/Doc/18y6s/adca/PCFG/PCFG_18/fpga_data_flow_test/vhdl/pcfg_top.vhd" line 300: Unconnected output port 'm_out2' of component 'TOP_8254'.
WARNING:Xst:2211 - "C:/KDH/Doc/18y6s/adca/PCFG/PCFG_18/fpga_data_flow_test/vhdl/pcfg_top.vhd" line 431: Instantiating black box module <sram2k>.
WARNING:Xst:2211 - "C:/KDH/Doc/18y6s/adca/PCFG/PCFG_18/fpga_data_flow_test/vhdl/pcfg_top.vhd" line 444: Instantiating black box module <sram2k>.
WARNING:Xst:2211 - "C:/KDH/Doc/18y6s/adca/PCFG/PCFG_18/fpga_data_flow_test/vhdl/pcfg_top.vhd" line 457: Instantiating black box module <sram2k>.
WARNING:Xst:2211 - "C:/KDH/Doc/18y6s/adca/PCFG/PCFG_18/fpga_data_flow_test/vhdl/pcfg_top.vhd" line 470: Instantiating black box module <sram2k>.
Entity <PCFG_TOP> analyzed. Unit <PCFG_TOP> generated.

Analyzing Entity <TOP_8254> in library <work> (Architecture <behavioral>).
Entity <TOP_8254> analyzed. Unit <TOP_8254> generated.

Analyzing Entity <TW_8254_CNT> in library <work> (Architecture <behavioral>).
INFO:Xst:2679 - Register <s_CNT3> in unit <TW_8254_CNT> has a constant value of 0000000100000100 during circuit operation. The register is replaced by logic.
Entity <TW_8254_CNT> analyzed. Unit <TW_8254_CNT> generated.

Analyzing Entity <address_decoder> in library <work> (Architecture <behavioral>).
Entity <address_decoder> analyzed. Unit <address_decoder> generated.

Analyzing Entity <signal_controller> in library <work> (Architecture <behavioral>).
WARNING:Xst:753 - "C:/KDH/Doc/18y6s/adca/PCFG/PCFG_18/fpga_data_flow_test/vhdl/signal_controller.vhd" line 246: Unconnected output port 'd_reg' of component 'DACcnt'.
WARNING:Xst:753 - "C:/KDH/Doc/18y6s/adca/PCFG/PCFG_18/fpga_data_flow_test/vhdl/signal_controller.vhd" line 258: Unconnected output port 'd_reg' of component 'ADCcnt'.
Entity <signal_controller> analyzed. Unit <signal_controller> generated.

Analyzing Entity <RemController> in library <work> (Architecture <behavioral>).
Entity <RemController> analyzed. Unit <RemController> generated.

Analyzing Entity <DACcnt> in library <work> (Architecture <behavioral>).
Entity <DACcnt> analyzed. Unit <DACcnt> generated.

Analyzing Entity <ADCcnt> in library <work> (Architecture <behavioral>).
Entity <ADCcnt> analyzed. Unit <ADCcnt> generated.

Analyzing Entity <Averager> in library <work> (Architecture <behavioral>).
Entity <Averager> analyzed. Unit <Averager> generated.

Analyzing Entity <CompSub> in library <work> (Architecture <behavioral>).
Entity <CompSub> analyzed. Unit <CompSub> generated.


=========================================================================
*                           HDL Synthesis                               *
=========================================================================

Performing bidirectional port resolution...

Synthesizing Unit <address_decoder>.
    Related source file is "C:/KDH/Doc/18y6s/adca/PCFG/PCFG_18/fpga_data_flow_test/vhdl/address_decoder.vhd".
Unit <address_decoder> synthesized.


Synthesizing Unit <TW_8254_CNT>.
    Related source file is "C:/KDH/Doc/18y6s/adca/PCFG/PCFG_18/fpga_data_flow_test/vhdl/tw_8254_cnt.vhd".
WARNING:Xst:1780 - Signal <s_temp2> is never used or assigned. This unconnected signal will be trimmed during the optimization process.
WARNING:Xst:1780 - Signal <s_temp1> is never used or assigned. This unconnected signal will be trimmed during the optimization process.
WARNING:Xst:646 - Signal <s_CNT3_2_rst> is assigned but never used. This unconnected signal will be trimmed during the optimization process.
WARNING:Xst:646 - Signal <s_CNT3_2<0>> is assigned but never used. This unconnected signal will be trimmed during the optimization process.
WARNING:Xst:646 - Signal <s_CNT3_1_rst> is assigned but never used. This unconnected signal will be trimmed during the optimization process.
WARNING:Xst:646 - Signal <s_CNT3_1<0>> is assigned but never used. This unconnected signal will be trimmed during the optimization process.
WARNING:Xst:646 - Signal <s_CNT3> is assigned but never used. This unconnected signal will be trimmed during the optimization process.
    Found 16-bit down counter for signal <s_CNT2>.
    Found 16-bit adder for signal <s_CNT3_1>.
    Found 16-bit subtractor for signal <s_CNT3_2>.
    Found 15-bit register for signal <s_CNT3_D>.
    Found 15-bit subtractor for signal <s_CNT3_D$addsub0000> created at line 144.
    Found 15-bit register for signal <s_CNT3_U>.
    Found 15-bit subtractor for signal <s_CNT3_U$share0000>.
    Found 1-bit register for signal <s_CNT3_UD>.
    Found 1-bit register for signal <s_mode>.
    Found 16-bit register for signal <s_REG>.
    Found 1-bit register for signal <s_wr_L>.
    Found 1-bit register for signal <s_wr_M>.
    Found 1-bit register for signal <s_wr_wait>.
    Summary:
	inferred   1 Counter(s).
	inferred  51 D-type flip-flop(s).
	inferred   4 Adder/Subtractor(s).
Unit <TW_8254_CNT> synthesized.


Synthesizing Unit <RemController>.
    Related source file is "C:/KDH/Doc/18y6s/adca/PCFG/PCFG_18/fpga_data_flow_test/vhdl/remcontroller.vhd".
    Found 11-bit comparator lessequal for signal <m_comp$cmp_le0000> created at line 26.
    Found 11-bit up counter for signal <s_Cnt>.
    Found 11-bit register for signal <s_Reg>.
    Found 11-bit adder for signal <s_Reg$addsub0000> created at line 40.
    Summary:
	inferred   1 Counter(s).
	inferred  11 D-type flip-flop(s).
	inferred   1 Adder/Subtractor(s).
	inferred   1 Comparator(s).
Unit <RemController> synthesized.


Synthesizing Unit <DACcnt>.
    Related source file is "C:/KDH/Doc/18y6s/adca/PCFG/PCFG_18/fpga_data_flow_test/vhdl/DACcnt.vhd".
    Found finite state machine <FSM_0> for signal <s_ps>.
    -----------------------------------------------------------------------
    | States             | 3                                              |
    | Transitions        | 6                                              |
    | Inputs             | 2                                              |
    | Outputs            | 2                                              |
    | Clock              | m_clk                     (rising_edge)        |
    | Power Up State     | dacidle                                        |
    | Encoding           | automatic                                      |
    | Implementation     | LUT                                            |
    -----------------------------------------------------------------------
    Found 11-bit up counter for signal <s_cnt>.
    Found 11-bit subtractor for signal <s_comp$addsub0000> created at line 63.
    Found 11-bit comparator less for signal <s_comp$cmp_lt0000> created at line 63.
    Found 11-bit register for signal <s_reg>.
    Summary:
	inferred   1 Finite State Machine(s).
	inferred   1 Counter(s).
	inferred  11 D-type flip-flop(s).
	inferred   1 Adder/Subtractor(s).
	inferred   1 Comparator(s).
Unit <DACcnt> synthesized.


Synthesizing Unit <ADCcnt>.
    Related source file is "C:/KDH/Doc/18y6s/adca/PCFG/PCFG_18/fpga_data_flow_test/vhdl/ADCcnt.vhd".
WARNING:Xst:1305 - Output <m_ena3> is never assigned. Tied to value 0.
WARNING:Xst:653 - Signal <s_reg> is used but never assigned. This sourceless signal will be automatically connected to value 00000000000.
WARNING:Xst:646 - Signal <s_ena3> is assigned but never used. This unconnected signal will be trimmed during the optimization process.
    Found 12-bit comparator less for signal <s_adc_comp$cmp_lt0000> created at line 55.
    Found 11-bit up counter for signal <s_cnt>.
    Found 1-bit register for signal <s_ps<0>>.
    Summary:
	inferred   1 Counter(s).
	inferred   1 D-type flip-flop(s).
	inferred   1 Comparator(s).
Unit <ADCcnt> synthesized.


Synthesizing Unit <CompSub>.
    Related source file is "C:/KDH/Doc/18y6s/adca/PCFG/PCFG_18/fpga_data_flow_test/vhdl/CompSub.vhd".
    Found 8-bit subtractor for signal <m_remainder$addsub0000> created at line 37.
    Found 8-bit comparator greatequal for signal <s_div_comp$cmp_ge0000> created at line 34.
    Found 8-bit register for signal <s_dividend>.
    Found 8-bit register for signal <s_divisor>.
    Summary:
	inferred  16 D-type flip-flop(s).
	inferred   1 Adder/Subtractor(s).
	inferred   1 Comparator(s).
Unit <CompSub> synthesized.


Synthesizing Unit <TOP_8254>.
    Related source file is "C:/KDH/Doc/18y6s/adca/PCFG/PCFG_18/fpga_data_flow_test/vhdl/top_8254.vhd".
WARNING:Xst:1780 - Signal <s_WR_WAIT> is never used or assigned. This unconnected signal will be trimmed during the optimization process.
WARNING:Xst:1780 - Signal <s_MSB_wr> is never used or assigned. This unconnected signal will be trimmed during the optimization process.
WARNING:Xst:1780 - Signal <s_LSB_wr> is never used or assigned. This unconnected signal will be trimmed during the optimization process.
WARNING:Xst:1780 - Signal <s_LM_wr> is never used or assigned. This unconnected signal will be trimmed during the optimization process.
    Found finite state machine <FSM_1> for signal <state>.
    -----------------------------------------------------------------------
    | States             | 6                                              |
    | Transitions        | 10                                             |
    | Inputs             | 2                                              |
    | Outputs            | 7                                              |
    | Clock              | m_clk_ctr                 (rising_edge)        |
    | Reset              | m_reset                   (positive)           |
    | Reset type         | synchronous                                    |
    | Reset State        | ready                                          |
    | Power Up State     | ready                                          |
    | Encoding           | automatic                                      |
    | Implementation     | LUT                                            |
    -----------------------------------------------------------------------
    Found 2-bit register for signal <s_addr>.
    Found 8-bit register for signal <s_data>.
    Found 1-bit register for signal <s_wr_b>.
    Summary:
	inferred   1 Finite State Machine(s).
	inferred  11 D-type flip-flop(s).
Unit <TOP_8254> synthesized.


Synthesizing Unit <signal_controller>.
    Related source file is "C:/KDH/Doc/18y6s/adca/PCFG/PCFG_18/fpga_data_flow_test/vhdl/signal_controller.vhd".
WARNING:Xst:1780 - Signal <s_wea3> is never used or assigned. This unconnected signal will be trimmed during the optimization process.
WARNING:Xst:653 - Signal <s_selad> is used but never assigned. This sourceless signal will be automatically connected to value 00.
WARNING:Xst:1780 - Signal <s_outlatch_en> is never used or assigned. This unconnected signal will be trimmed during the optimization process.
WARNING:Xst:1780 - Signal <s_inlatch_en> is never used or assigned. This unconnected signal will be trimmed during the optimization process.
WARNING:Xst:653 - Signal <s_enpad> is used but never assigned. This sourceless signal will be automatically connected to value 0.
WARNING:Xst:653 - Signal <s_enb3> is used but never assigned. This sourceless signal will be automatically connected to value 0.
WARNING:Xst:1780 - Signal <s_da_latch_en> is never used or assigned. This unconnected signal will be trimmed during the optimization process.
WARNING:Xst:646 - Signal <s_comp3> is assigned but never used. This unconnected signal will be trimmed during the optimization process.
WARNING:Xst:653 - Signal <s_clrad> is used but never assigned. This sourceless signal will be automatically connected to value 0.
WARNING:Xst:653 - Signal <s_average_en> is used but never assigned. This sourceless signal will be automatically connected to value 0.
WARNING:Xst:653 - Signal <s_average_clr> is used but never assigned. This sourceless signal will be automatically connected to value 0.
WARNING:Xst:1780 - Signal <s_average_addr> is never used or assigned. This unconnected signal will be trimmed during the optimization process.
WARNING:Xst:653 - Signal <s_adc_stop> is used but never assigned. This sourceless signal will be automatically connected to value 0.
WARNING:Xst:653 - Signal <s_adc_start> is used but never assigned. This sourceless signal will be automatically connected to value 0.
WARNING:Xst:1780 - Signal <s_ad_latch_en> is never used or assigned. This unconnected signal will be trimmed during the optimization process.
WARNING:Xst:1780 - Signal <s_Aadc> is never used or assigned. This unconnected signal will be trimmed during the optimization process.
INFO:Xst:1799 - State average8 is never reached in FSM <t_ps>.
INFO:Xst:1799 - State average1 is never reached in FSM <t_ps>.
INFO:Xst:1799 - State average0 is never reached in FSM <t_ps>.
INFO:Xst:1799 - State average2 is never reached in FSM <t_ps>.
INFO:Xst:1799 - State average3 is never reached in FSM <t_ps>.
INFO:Xst:1799 - State average4 is never reached in FSM <t_ps>.
INFO:Xst:1799 - State average5 is never reached in FSM <t_ps>.
INFO:Xst:1799 - State average6 is never reached in FSM <t_ps>.
INFO:Xst:1799 - State average7 is never reached in FSM <t_ps>.
    Found finite state machine <FSM_2> for signal <t_ps>.
    -----------------------------------------------------------------------
    | States             | 26                                             |
    | Transitions        | 51                                             |
    | Inputs             | 15                                             |
    | Outputs            | 36                                             |
    | Clock              | m_clk                     (rising_edge)        |
    | Power Up State     | idle                                           |
    | Encoding           | automatic                                      |
    | Implementation     | LUT                                            |
    -----------------------------------------------------------------------
    Using one-hot encoding for signal <t_prevmode>.
    Found 5-bit register for signal <t_prevmode>.
    Summary:
	inferred   1 Finite State Machine(s).
	inferred   5 D-type flip-flop(s).
Unit <signal_controller> synthesized.


Synthesizing Unit <Averager>.
    Related source file is "C:/KDH/Doc/18y6s/adca/PCFG/PCFG_18/fpga_data_flow_test/vhdl/Averager.vhd".
WARNING:Xst:647 - Input <m_counter_in<10:8>> is never used. This port will be preserved and left unconnected if it belongs to a top-level block or it belongs to a sub-block and the hierarchy of this sub-block is preserved.
WARNING:Xst:646 - Signal <s_reminder8> is assigned but never used. This unconnected signal will be trimmed during the optimization process.
WARNING:Xst:646 - Signal <s_reminder7<7>> is assigned but never used. This unconnected signal will be trimmed during the optimization process.
WARNING:Xst:646 - Signal <s_reminder6<7>> is assigned but never used. This unconnected signal will be trimmed during the optimization process.
WARNING:Xst:646 - Signal <s_reminder5<7>> is assigned but never used. This unconnected signal will be trimmed during the optimization process.
WARNING:Xst:646 - Signal <s_reminder4<7>> is assigned but never used. This unconnected signal will be trimmed during the optimization process.
WARNING:Xst:646 - Signal <s_reminder3<7>> is assigned but never used. This unconnected signal will be trimmed during the optimization process.
WARNING:Xst:646 - Signal <s_reminder2<7>> is assigned but never used. This unconnected signal will be trimmed during the optimization process.
WARNING:Xst:646 - Signal <s_reminder1<7>> is assigned but never used. This unconnected signal will be trimmed during the optimization process.
    Found 15-bit up accumulator for signal <s_data>.
    Summary:
	inferred   1 Accumulator(s).
Unit <Averager> synthesized.


Synthesizing Unit <PCFG_TOP>.
    Related source file is "C:/KDH/Doc/18y6s/adca/PCFG/PCFG_18/fpga_data_flow_test/vhdl/pcfg_top.vhd".
WARNING:Xst:653 - Signal <s_reset_b> is used but never assigned. This sourceless signal will be automatically connected to value 0.
WARNING:Xst:653 - Signal <s_led> is used but never assigned. This sourceless signal will be automatically connected to value 0000000.
WARNING:Xst:646 - Signal <s_dina3> is assigned but never used. This unconnected signal will be trimmed during the optimization process.
WARNING:Xst:1780 - Signal <s_counter1> is never used or assigned. This unconnected signal will be trimmed during the optimization process.
WARNING:Xst:1780 - Signal <s_addrb3> is never used or assigned. This unconnected signal will be trimmed during the optimization process.
WARNING:Xst:1780 - Signal <s_addrb2> is never used or assigned. This unconnected signal will be trimmed during the optimization process.
WARNING:Xst:1780 - Signal <s_addrb1> is never used or assigned. This unconnected signal will be trimmed during the optimization process.
WARNING:Xst:1780 - Signal <s_addrb0> is never used or assigned. This unconnected signal will be trimmed during the optimization process.
WARNING:Xst:1780 - Signal <s_addra3> is never used or assigned. This unconnected signal will be trimmed during the optimization process.
WARNING:Xst:1780 - Signal <s_addra2> is never used or assigned. This unconnected signal will be trimmed during the optimization process.
WARNING:Xst:1780 - Signal <s_addra1> is never used or assigned. This unconnected signal will be trimmed during the optimization process.
WARNING:Xst:1780 - Signal <s_addra0> is never used or assigned. This unconnected signal will be trimmed during the optimization process.
WARNING:Xst:1780 - Signal <latch_en> is never used or assigned. This unconnected signal will be trimmed during the optimization process.
    Found 8-bit tristate buffer for signal <m_data>.
    Found 8-bit register for signal <ad_latch_dout>.
    Found 8-bit register for signal <da_latch_dout>.
    Found 8-bit tristate buffer for signal <inlatch_dout>.
    Found 8-bit register for signal <Mtridata_inlatch_dout> created at line 341.
    Found 8-bit register for signal <Mtridata_outlatch_dout> created at line 347.
    Found 1-bit register for signal <Mtrien_inlatch_dout> created at line 341.
    Found 1-bit register for signal <Mtrien_outlatch_dout> created at line 347.
    Found 8-bit tristate buffer for signal <outlatch_dout>.
    Found 8-bit tristate buffer for signal <ram1_mux_dout>.
    Found 9-bit register for signal <s_address>.
    Found 1-bit register for signal <s_cmd_data>.
    Found 1-bit register for signal <s_OE_b>.
    Found 1-bit register for signal <s_ren>.
    Found 1-bit register for signal <s_wen>.
    Summary:
	inferred  47 D-type flip-flop(s).
	inferred  32 Tristate(s).
Unit <PCFG_TOP> synthesized.

INFO:Xst:1767 - HDL ADVISOR - Resource sharing has identified that some arithmetic operations in this design can share the same physical resources for reduced device utilization. For improved clock frequency you may try to disable resource sharing.

=========================================================================
HDL Synthesis Report

Macro Statistics
# Adders/Subtractors                                   : 25
 11-bit adder                                          : 4
 11-bit subtractor                                     : 1
 15-bit subtractor                                     : 6
 16-bit adder                                          : 3
 16-bit subtractor                                     : 3
 8-bit subtractor                                      : 8
# Counters                                             : 9
 11-bit up counter                                     : 6
 16-bit down counter                                   : 3
# Accumulators                                         : 1
 15-bit up accumulator                                 : 1
# Registers                                            : 106
 1-bit register                                        : 71
 11-bit register                                       : 5
 15-bit register                                       : 6
 2-bit register                                        : 1
 5-bit register                                        : 1
 8-bit register                                        : 21
 9-bit register                                        : 1
# Comparators                                          : 14
 11-bit comparator less                                : 1
 11-bit comparator lessequal                           : 4
 12-bit comparator less                                : 1
 8-bit comparator greatequal                           : 8
# Tristates                                            : 4
 8-bit tristate buffer                                 : 4

=========================================================================

=========================================================================
*                       Advanced HDL Synthesis                          *
=========================================================================

Analyzing FSM <FSM_2> for best encoding.
Optimizing FSM <sig_controller/t_ps/FSM> on signal <t_ps[1:26]> with one-hot encoding.
---------------------------------------------
 State         | Encoding
---------------------------------------------
 idle          | 00000000000000000000000001
 decode        | 00000000000000000000000010
 wready0       | 00000000000000000000000100
 wact0         | 00000000000000100000000000
 wterm0        | 00000000000001000000000000
 rready0       | 00000000000000000000001000
 ract0         | 00000000001000000000000000
 rterm0        | 00000000010000000000000000
 wready1       | 00000000000000000000010000
 wact1         | 00000000000010000000000000
 wterm1        | 00000000000100000000000000
 rready1       | 00000000000000000000100000
 ract1         | 00000000100000000000000000
 rterm1        | 00000001000000000000000000
 dt_cntclr     | 00000000000000000001000000
 dt_cntpreset  | 00000010000000000000000000
 dt_transfer   | 00000100000000000000000000
 dac_cntclr    | 00000000000000000010000000
 dac_cntpreset | 00001000000000000000000000
 dac_transfer  | 00010000000000000000000000
 dac_start     | 00100000000000000000000000
 dac_stop      | 00000000000000000100000000
 adc_cntclr    | 00000000000000001000000000
 adc_cntpreset | 01000000000000000000000000
 adc_transfer  | 10000000000000000000000000
 average0      | unreached
 average1      | unreached
 average2      | unreached
 average3      | unreached
 average4      | unreached
 average5      | unreached
 average6      | unreached
 average7      | unreached
 average8      | unreached
 softreset     | 00000000000000010000000000
---------------------------------------------
Analyzing FSM <FSM_1> for best encoding.
Optimizing FSM <clk_gen/state/FSM> on signal <state[1:6]> with one-hot encoding.
----------------------
 State    | Encoding
----------------------
 ready    | 000001
 latched  | 000010
 latched1 | 000100
 latched2 | 001000
 wait1    | 010000
 wait2    | 100000
----------------------
Analyzing FSM <FSM_0> for best encoding.
Optimizing FSM <sig_controller/dac_ctr/s_ps/FSM> on signal <s_ps[1:2]> with user encoding.
---------------------
 State   | Encoding
---------------------
 dacidle | 00
 dacload | 01
 dacplay | 10
---------------------
Reading core <ipcore_dir/sram2k.ngc>.
Loading core <sram2k> for timing and area information for instance <sram_0>.
Loading core <sram2k> for timing and area information for instance <sram_1>.
Loading core <sram2k> for timing and area information for instance <sram_DA>.
Loading core <sram2k> for timing and area information for instance <sram_AD>.
WARNING:Xst:1290 - Hierarchical block <CNT1> is unconnected in block <clk_gen>.
   It will be removed from the design.
WARNING:Xst:1290 - Hierarchical block <CNT2> is unconnected in block <clk_gen>.
   It will be removed from the design.
WARNING:Xst:1293 - FF/Latch <s_Reg_0> has a constant value of 0 in block <adremctr>. This FF/Latch will be trimmed during the optimization process.
WARNING:Xst:1293 - FF/Latch <s_Reg_1> has a constant value of 0 in block <adremctr>. This FF/Latch will be trimmed during the optimization process.
WARNING:Xst:1293 - FF/Latch <s_Reg_2> has a constant value of 0 in block <adremctr>. This FF/Latch will be trimmed during the optimization process.
WARNING:Xst:1293 - FF/Latch <s_Reg_3> has a constant value of 0 in block <adremctr>. This FF/Latch will be trimmed during the optimization process.
WARNING:Xst:1293 - FF/Latch <s_Reg_4> has a constant value of 0 in block <adremctr>. This FF/Latch will be trimmed during the optimization process.
WARNING:Xst:1293 - FF/Latch <s_Reg_5> has a constant value of 0 in block <adremctr>. This FF/Latch will be trimmed during the optimization process.
WARNING:Xst:1293 - FF/Latch <s_Reg_6> has a constant value of 0 in block <adremctr>. This FF/Latch will be trimmed during the optimization process.
WARNING:Xst:1293 - FF/Latch <s_Reg_7> has a constant value of 0 in block <adremctr>. This FF/Latch will be trimmed during the optimization process.
WARNING:Xst:1293 - FF/Latch <s_Reg_8> has a constant value of 0 in block <adremctr>. This FF/Latch will be trimmed during the optimization process.
WARNING:Xst:1293 - FF/Latch <s_Reg_9> has a constant value of 0 in block <adremctr>. This FF/Latch will be trimmed during the optimization process.
WARNING:Xst:1293 - FF/Latch <s_Reg_10> has a constant value of 0 in block <adremctr>. This FF/Latch will be trimmed during the optimization process.
WARNING:Xst:1293 - FF/Latch <s_ps_0> has a constant value of 0 in block <adc_ctr>. This FF/Latch will be trimmed during the optimization process.
WARNING:Xst:2677 - Node <t_prevmode_4> of sequential type is unconnected in block <sig_controller>.
WARNING:Xst:2677 - Node <t_prevmode_4> of sequential type is unconnected in block <signal_controller>.

=========================================================================
Advanced HDL Synthesis Report

Macro Statistics
# FSMs                                                 : 3
# Adders/Subtractors                                   : 25
 11-bit adder                                          : 4
 11-bit subtractor                                     : 1
 15-bit subtractor                                     : 6
 16-bit adder                                          : 3
 16-bit subtractor                                     : 3
 8-bit subtractor                                      : 8
# Counters                                             : 9
 11-bit up counter                                     : 6
 16-bit down counter                                   : 3
# Accumulators                                         : 1
 15-bit up accumulator                                 : 1
# Registers                                            : 399
 Flip-Flops                                            : 399
# Comparators                                          : 14
 11-bit comparator less                                : 1
 11-bit comparator lessequal                           : 4
 12-bit comparator less                                : 1
 8-bit comparator greatequal                           : 8

=========================================================================

=========================================================================
*                         Low Level Synthesis                           *
=========================================================================
WARNING:Xst:1293 - FF/Latch <adc_ctr/s_ps_0> has a constant value of 0 in block <signal_controller>. This FF/Latch will be trimmed during the optimization process.
INFO:Xst:1901 - Instance U0/xst_blk_mem_generator/gnativebmg.native_blk_mem_gen/valid.cstr/ramloop[0].ram.r/s3_noinit.ram/dpram.dp9x9.ram in unit U0/xst_blk_mem_generator/gnativebmg.native_blk_mem_gen/valid.cstr/ramloop[0].ram.r/s3_noinit.ram/dpram.dp9x9.ram of type RAMB16_S9_S9 has been replaced by RAMB16
INFO:Xst:1901 - Instance U0/xst_blk_mem_generator/gnativebmg.native_blk_mem_gen/valid.cstr/ramloop[0].ram.r/s3_noinit.ram/dpram.dp9x9.ram in unit U0/xst_blk_mem_generator/gnativebmg.native_blk_mem_gen/valid.cstr/ramloop[0].ram.r/s3_noinit.ram/dpram.dp9x9.ram of type RAMB16_S9_S9 has been replaced by RAMB16
INFO:Xst:1901 - Instance U0/xst_blk_mem_generator/gnativebmg.native_blk_mem_gen/valid.cstr/ramloop[0].ram.r/s3_noinit.ram/dpram.dp9x9.ram in unit U0/xst_blk_mem_generator/gnativebmg.native_blk_mem_gen/valid.cstr/ramloop[0].ram.r/s3_noinit.ram/dpram.dp9x9.ram of type RAMB16_S9_S9 has been replaced by RAMB16
INFO:Xst:1901 - Instance U0/xst_blk_mem_generator/gnativebmg.native_blk_mem_gen/valid.cstr/ramloop[0].ram.r/s3_noinit.ram/dpram.dp9x9.ram in unit U0/xst_blk_mem_generator/gnativebmg.native_blk_mem_gen/valid.cstr/ramloop[0].ram.r/s3_noinit.ram/dpram.dp9x9.ram of type RAMB16_S9_S9 has been replaced by RAMB16
WARNING:Xst:2042 - Unit PCFG_TOP: 24 internal tristates are replaced by logic (pull-up yes): inlatch_dout<0>, inlatch_dout<1>, inlatch_dout<2>, inlatch_dout<3>, inlatch_dout<4>, inlatch_dout<5>, inlatch_dout<6>, inlatch_dout<7>, outlatch_dout<0>, outlatch_dout<1>, outlatch_dout<2>, outlatch_dout<3>, outlatch_dout<4>, outlatch_dout<5>, outlatch_dout<6>, outlatch_dout<7>, ram1_mux_dout<0>, ram1_mux_dout<1>, ram1_mux_dout<2>, ram1_mux_dout<3>, ram1_mux_dout<4>, ram1_mux_dout<5>, ram1_mux_dout<6>, ram1_mux_dout<7>.

Optimizing unit <PCFG_TOP> ...

Optimizing unit <TW_8254_CNT> ...

Optimizing unit <RemController> ...

Optimizing unit <DACcnt> ...

Optimizing unit <CompSub> ...

Optimizing unit <TOP_8254> ...

Optimizing unit <signal_controller> ...

Optimizing unit <Averager> ...
WARNING:Xst:1293 - FF/Latch <sig_controller/adremctr/s_Cnt_8> has a constant value of 0 in block <PCFG_TOP>. This FF/Latch will be trimmed during the optimization process.
WARNING:Xst:1293 - FF/Latch <sig_controller/adremctr/s_Cnt_9> has a constant value of 0 in block <PCFG_TOP>. This FF/Latch will be trimmed during the optimization process.
WARNING:Xst:1293 - FF/Latch <sig_controller/adremctr/s_Cnt_10> has a constant value of 0 in block <PCFG_TOP>. This FF/Latch will be trimmed during the optimization process.
WARNING:Xst:1293 - FF/Latch <avg_module/s_data_14> has a constant value of 0 in block <PCFG_TOP>. This FF/Latch will be trimmed during the optimization process.
WARNING:Xst:1293 - FF/Latch <avg_module/s_data_13> has a constant value of 0 in block <PCFG_TOP>. This FF/Latch will be trimmed during the optimization process.
WARNING:Xst:1293 - FF/Latch <avg_module/s_data_12> has a constant value of 0 in block <PCFG_TOP>. This FF/Latch will be trimmed during the optimization process.
WARNING:Xst:1293 - FF/Latch <avg_module/s_data_11> has a constant value of 0 in block <PCFG_TOP>. This FF/Latch will be trimmed during the optimization process.
WARNING:Xst:1293 - FF/Latch <avg_module/s_data_10> has a constant value of 0 in block <PCFG_TOP>. This FF/Latch will be trimmed during the optimization process.
WARNING:Xst:1293 - FF/Latch <avg_module/s_data_9> has a constant value of 0 in block <PCFG_TOP>. This FF/Latch will be trimmed during the optimization process.
WARNING:Xst:1293 - FF/Latch <avg_module/s_data_8> has a constant value of 0 in block <PCFG_TOP>. This FF/Latch will be trimmed during the optimization process.
WARNING:Xst:1293 - FF/Latch <avg_module/s_data_7> has a constant value of 0 in block <PCFG_TOP>. This FF/Latch will be trimmed during the optimization process.
WARNING:Xst:1293 - FF/Latch <avg_module/s_data_6> has a constant value of 0 in block <PCFG_TOP>. This FF/Latch will be trimmed during the optimization process.
WARNING:Xst:1293 - FF/Latch <avg_module/s_data_5> has a constant value of 0 in block <PCFG_TOP>. This FF/Latch will be trimmed during the optimization process.
WARNING:Xst:1293 - FF/Latch <avg_module/s_data_4> has a constant value of 0 in block <PCFG_TOP>. This FF/Latch will be trimmed during the optimization process.
WARNING:Xst:1293 - FF/Latch <avg_module/s_data_3> has a constant value of 0 in block <PCFG_TOP>. This FF/Latch will be trimmed during the optimization process.
WARNING:Xst:1293 - FF/Latch <avg_module/s_data_2> has a constant value of 0 in block <PCFG_TOP>. This FF/Latch will be trimmed during the optimization process.
WARNING:Xst:1293 - FF/Latch <avg_module/s_data_1> has a constant value of 0 in block <PCFG_TOP>. This FF/Latch will be trimmed during the optimization process.
WARNING:Xst:1293 - FF/Latch <avg_module/s_data_0> has a constant value of 0 in block <PCFG_TOP>. This FF/Latch will be trimmed during the optimization process.
WARNING:Xst:1293 - FF/Latch <sig_controller/adremctr/s_Reg_0> has a constant value of 0 in block <PCFG_TOP>. This FF/Latch will be trimmed during the optimization process.
WARNING:Xst:1293 - FF/Latch <sig_controller/adremctr/s_Reg_1> has a constant value of 0 in block <PCFG_TOP>. This FF/Latch will be trimmed during the optimization process.
WARNING:Xst:1293 - FF/Latch <sig_controller/adremctr/s_Reg_2> has a constant value of 0 in block <PCFG_TOP>. This FF/Latch will be trimmed during the optimization process.
WARNING:Xst:1293 - FF/Latch <sig_controller/adremctr/s_Reg_3> has a constant value of 0 in block <PCFG_TOP>. This FF/Latch will be trimmed during the optimization process.
WARNING:Xst:1293 - FF/Latch <sig_controller/adremctr/s_Reg_4> has a constant value of 0 in block <PCFG_TOP>. This FF/Latch will be trimmed during the optimization process.
WARNING:Xst:1293 - FF/Latch <sig_controller/adremctr/s_Reg_5> has a constant value of 0 in block <PCFG_TOP>. This FF/Latch will be trimmed during the optimization process.
WARNING:Xst:1293 - FF/Latch <sig_controller/adremctr/s_Reg_6> has a constant value of 0 in block <PCFG_TOP>. This FF/Latch will be trimmed during the optimization process.
WARNING:Xst:1293 - FF/Latch <sig_controller/adremctr/s_Reg_7> has a constant value of 0 in block <PCFG_TOP>. This FF/Latch will be trimmed during the optimization process.
WARNING:Xst:1293 - FF/Latch <sig_controller/adremctr/s_Reg_8> has a constant value of 0 in block <PCFG_TOP>. This FF/Latch will be trimmed during the optimization process.
WARNING:Xst:1293 - FF/Latch <sig_controller/adremctr/s_Reg_9> has a constant value of 0 in block <PCFG_TOP>. This FF/Latch will be trimmed during the optimization process.
WARNING:Xst:1293 - FF/Latch <sig_controller/adremctr/s_Reg_10> has a constant value of 0 in block <PCFG_TOP>. This FF/Latch will be trimmed during the optimization process.
WARNING:Xst:1293 - FF/Latch <sig_controller/adremctr/s_Cnt_0> has a constant value of 0 in block <PCFG_TOP>. This FF/Latch will be trimmed during the optimization process.
WARNING:Xst:1293 - FF/Latch <sig_controller/adremctr/s_Cnt_1> has a constant value of 0 in block <PCFG_TOP>. This FF/Latch will be trimmed during the optimization process.
WARNING:Xst:1293 - FF/Latch <sig_controller/adremctr/s_Cnt_2> has a constant value of 0 in block <PCFG_TOP>. This FF/Latch will be trimmed during the optimization process.
WARNING:Xst:1293 - FF/Latch <sig_controller/adremctr/s_Cnt_3> has a constant value of 0 in block <PCFG_TOP>. This FF/Latch will be trimmed during the optimization process.
WARNING:Xst:1293 - FF/Latch <sig_controller/adremctr/s_Cnt_7> has a constant value of 0 in block <PCFG_TOP>. This FF/Latch will be trimmed during the optimization process.
WARNING:Xst:1293 - FF/Latch <sig_controller/adremctr/s_Cnt_6> has a constant value of 0 in block <PCFG_TOP>. This FF/Latch will be trimmed during the optimization process.
WARNING:Xst:1293 - FF/Latch <sig_controller/adremctr/s_Cnt_5> has a constant value of 0 in block <PCFG_TOP>. This FF/Latch will be trimmed during the optimization process.
WARNING:Xst:1293 - FF/Latch <sig_controller/adremctr/s_Cnt_4> has a constant value of 0 in block <PCFG_TOP>. This FF/Latch will be trimmed during the optimization process.
WARNING:Xst:1895 - Due to other FF/Latch trimming, FF/Latch <avg_module/cns1/s_dividend_0> (without init value) has a constant value of 0 in block <PCFG_TOP>. This FF/Latch will be trimmed during the optimization process.
WARNING:Xst:1895 - Due to other FF/Latch trimming, FF/Latch <avg_module/cns1/s_dividend_1> (without init value) has a constant value of 0 in block <PCFG_TOP>. This FF/Latch will be trimmed during the optimization process.
WARNING:Xst:1895 - Due to other FF/Latch trimming, FF/Latch <avg_module/cns1/s_dividend_2> (without init value) has a constant value of 0 in block <PCFG_TOP>. This FF/Latch will be trimmed during the optimization process.
WARNING:Xst:1895 - Due to other FF/Latch trimming, FF/Latch <avg_module/cns1/s_dividend_3> (without init value) has a constant value of 0 in block <PCFG_TOP>. This FF/Latch will be trimmed during the optimization process.
WARNING:Xst:1895 - Due to other FF/Latch trimming, FF/Latch <avg_module/cns1/s_dividend_4> (without init value) has a constant value of 0 in block <PCFG_TOP>. This FF/Latch will be trimmed during the optimization process.
WARNING:Xst:1895 - Due to other FF/Latch trimming, FF/Latch <avg_module/cns1/s_dividend_5> (without init value) has a constant value of 0 in block <PCFG_TOP>. This FF/Latch will be trimmed during the optimization process.
WARNING:Xst:1895 - Due to other FF/Latch trimming, FF/Latch <avg_module/cns1/s_dividend_6> (without init value) has a constant value of 0 in block <PCFG_TOP>. This FF/Latch will be trimmed during the optimization process.
WARNING:Xst:1895 - Due to other FF/Latch trimming, FF/Latch <avg_module/cns1/s_dividend_7> (without init value) has a constant value of 0 in block <PCFG_TOP>. This FF/Latch will be trimmed during the optimization process.
WARNING:Xst:1895 - Due to other FF/Latch trimming, FF/Latch <avg_module/cns2/s_dividend_0> (without init value) has a constant value of 0 in block <PCFG_TOP>. This FF/Latch will be trimmed during the optimization process.
WARNING:Xst:1895 - Due to other FF/Latch trimming, FF/Latch <avg_module/cns3/s_dividend_0> (without init value) has a constant value of 0 in block <PCFG_TOP>. This FF/Latch will be trimmed during the optimization process.
WARNING:Xst:1895 - Due to other FF/Latch trimming, FF/Latch <avg_module/cns4/s_dividend_0> (without init value) has a constant value of 0 in block <PCFG_TOP>. This FF/Latch will be trimmed during the optimization process.
WARNING:Xst:1895 - Due to other FF/Latch trimming, FF/Latch <avg_module/cns8/s_dividend_0> (without init value) has a constant value of 0 in block <PCFG_TOP>. This FF/Latch will be trimmed during the optimization process.
WARNING:Xst:1895 - Due to other FF/Latch trimming, FF/Latch <avg_module/cns7/s_dividend_0> (without init value) has a constant value of 0 in block <PCFG_TOP>. This FF/Latch will be trimmed during the optimization process.
WARNING:Xst:1895 - Due to other FF/Latch trimming, FF/Latch <avg_module/cns6/s_dividend_0> (without init value) has a constant value of 0 in block <PCFG_TOP>. This FF/Latch will be trimmed during the optimization process.
WARNING:Xst:1895 - Due to other FF/Latch trimming, FF/Latch <avg_module/cns5/s_dividend_0> (without init value) has a constant value of 0 in block <PCFG_TOP>. This FF/Latch will be trimmed during the optimization process.
WARNING:Xst:2677 - Node <clk_gen/CNT1/s_CNT3_UD> of sequential type is unconnected in block <PCFG_TOP>.
WARNING:Xst:2677 - Node <clk_gen/CNT1/s_wr_L> of sequential type is unconnected in block <PCFG_TOP>.
WARNING:Xst:2677 - Node <clk_gen/CNT1/s_wr_M> of sequential type is unconnected in block <PCFG_TOP>.
WARNING:Xst:2677 - Node <clk_gen/CNT1/s_CNT3_D_0> of sequential type is unconnected in block <PCFG_TOP>.
WARNING:Xst:2677 - Node <clk_gen/CNT1/s_CNT3_D_1> of sequential type is unconnected in block <PCFG_TOP>.
WARNING:Xst:2677 - Node <clk_gen/CNT1/s_CNT3_D_2> of sequential type is unconnected in block <PCFG_TOP>.
WARNING:Xst:2677 - Node <clk_gen/CNT1/s_CNT3_D_3> of sequential type is unconnected in block <PCFG_TOP>.
WARNING:Xst:2677 - Node <clk_gen/CNT1/s_CNT3_D_4> of sequential type is unconnected in block <PCFG_TOP>.
WARNING:Xst:2677 - Node <clk_gen/CNT1/s_CNT3_D_5> of sequential type is unconnected in block <PCFG_TOP>.
WARNING:Xst:2677 - Node <clk_gen/CNT1/s_CNT3_D_6> of sequential type is unconnected in block <PCFG_TOP>.
WARNING:Xst:2677 - Node <clk_gen/CNT1/s_CNT3_D_7> of sequential type is unconnected in block <PCFG_TOP>.
WARNING:Xst:2677 - Node <clk_gen/CNT1/s_CNT3_D_8> of sequential type is unconnected in block <PCFG_TOP>.
WARNING:Xst:2677 - Node <clk_gen/CNT1/s_CNT3_D_9> of sequential type is unconnected in block <PCFG_TOP>.
WARNING:Xst:2677 - Node <clk_gen/CNT1/s_CNT3_D_10> of sequential type is unconnected in block <PCFG_TOP>.
WARNING:Xst:2677 - Node <clk_gen/CNT1/s_CNT3_D_11> of sequential type is unconnected in block <PCFG_TOP>.
WARNING:Xst:2677 - Node <clk_gen/CNT1/s_CNT3_D_12> of sequential type is unconnected in block <PCFG_TOP>.
WARNING:Xst:2677 - Node <clk_gen/CNT1/s_CNT3_D_13> of sequential type is unconnected in block <PCFG_TOP>.
WARNING:Xst:2677 - Node <clk_gen/CNT1/s_CNT3_D_14> of sequential type is unconnected in block <PCFG_TOP>.
WARNING:Xst:2677 - Node <clk_gen/CNT1/s_REG_10> of sequential type is unconnected in block <PCFG_TOP>.
WARNING:Xst:2677 - Node <clk_gen/CNT1/s_CNT3_U_0> of sequential type is unconnected in block <PCFG_TOP>.
WARNING:Xst:2677 - Node <clk_gen/CNT1/s_CNT3_U_1> of sequential type is unconnected in block <PCFG_TOP>.
WARNING:Xst:2677 - Node <clk_gen/CNT1/s_CNT3_U_2> of sequential type is unconnected in block <PCFG_TOP>.
WARNING:Xst:2677 - Node <clk_gen/CNT1/s_CNT3_U_3> of sequential type is unconnected in block <PCFG_TOP>.
WARNING:Xst:2677 - Node <clk_gen/CNT1/s_CNT3_U_4> of sequential type is unconnected in block <PCFG_TOP>.
WARNING:Xst:2677 - Node <clk_gen/CNT1/s_CNT3_U_5> of sequential type is unconnected in block <PCFG_TOP>.
WARNING:Xst:2677 - Node <clk_gen/CNT1/s_CNT3_U_6> of sequential type is unconnected in block <PCFG_TOP>.
WARNING:Xst:2677 - Node <clk_gen/CNT1/s_CNT3_U_7> of sequential type is unconnected in block <PCFG_TOP>.
WARNING:Xst:2677 - Node <clk_gen/CNT1/s_CNT3_U_8> of sequential type is unconnected in block <PCFG_TOP>.
WARNING:Xst:2677 - Node <clk_gen/CNT1/s_CNT3_U_9> of sequential type is unconnected in block <PCFG_TOP>.
WARNING:Xst:2677 - Node <clk_gen/CNT1/s_CNT3_U_10> of sequential type is unconnected in block <PCFG_TOP>.
WARNING:Xst:2677 - Node <clk_gen/CNT1/s_CNT3_U_11> of sequential type is unconnected in block <PCFG_TOP>.
WARNING:Xst:2677 - Node <clk_gen/CNT1/s_CNT3_U_12> of sequential type is unconnected in block <PCFG_TOP>.
WARNING:Xst:2677 - Node <clk_gen/CNT1/s_CNT3_U_13> of sequential type is unconnected in block <PCFG_TOP>.
WARNING:Xst:2677 - Node <clk_gen/CNT1/s_CNT3_U_14> of sequential type is unconnected in block <PCFG_TOP>.
WARNING:Xst:2677 - Node <clk_gen/CNT1/s_wr_wait> of sequential type is unconnected in block <PCFG_TOP>.
WARNING:Xst:2677 - Node <clk_gen/CNT1/s_REG_11> of sequential type is unconnected in block <PCFG_TOP>.
WARNING:Xst:2677 - Node <clk_gen/CNT1/s_REG_12> of sequential type is unconnected in block <PCFG_TOP>.
WARNING:Xst:2677 - Node <clk_gen/CNT1/s_REG_0> of sequential type is unconnected in block <PCFG_TOP>.
WARNING:Xst:2677 - Node <clk_gen/CNT1/s_REG_14> of sequential type is unconnected in block <PCFG_TOP>.
WARNING:Xst:2677 - Node <clk_gen/CNT1/s_REG_13> of sequential type is unconnected in block <PCFG_TOP>.
WARNING:Xst:2677 - Node <clk_gen/CNT1/s_REG_1> of sequential type is unconnected in block <PCFG_TOP>.
WARNING:Xst:2677 - Node <clk_gen/CNT1/s_REG_2> of sequential type is unconnected in block <PCFG_TOP>.
WARNING:Xst:2677 - Node <clk_gen/CNT1/s_mode> of sequential type is unconnected in block <PCFG_TOP>.
WARNING:Xst:2677 - Node <clk_gen/CNT1/s_REG_15> of sequential type is unconnected in block <PCFG_TOP>.
WARNING:Xst:2677 - Node <clk_gen/CNT1/s_REG_3> of sequential type is unconnected in block <PCFG_TOP>.
WARNING:Xst:2677 - Node <clk_gen/CNT1/s_REG_6> of sequential type is unconnected in block <PCFG_TOP>.
WARNING:Xst:2677 - Node <clk_gen/CNT1/s_REG_4> of sequential type is unconnected in block <PCFG_TOP>.
WARNING:Xst:2677 - Node <clk_gen/CNT1/s_REG_5> of sequential type is unconnected in block <PCFG_TOP>.
WARNING:Xst:2677 - Node <clk_gen/CNT1/s_REG_7> of sequential type is unconnected in block <PCFG_TOP>.
WARNING:Xst:2677 - Node <clk_gen/CNT1/s_REG_8> of sequential type is unconnected in block <PCFG_TOP>.
WARNING:Xst:2677 - Node <clk_gen/CNT1/s_REG_9> of sequential type is unconnected in block <PCFG_TOP>.
WARNING:Xst:2677 - Node <clk_gen/CNT1/s_CNT2_0> of sequential type is unconnected in block <PCFG_TOP>.
WARNING:Xst:2677 - Node <clk_gen/CNT1/s_CNT2_3> of sequential type is unconnected in block <PCFG_TOP>.
WARNING:Xst:2677 - Node <clk_gen/CNT1/s_CNT2_1> of sequential type is unconnected in block <PCFG_TOP>.
WARNING:Xst:2677 - Node <clk_gen/CNT1/s_CNT2_2> of sequential type is unconnected in block <PCFG_TOP>.
WARNING:Xst:2677 - Node <clk_gen/CNT1/s_CNT2_4> of sequential type is unconnected in block <PCFG_TOP>.
WARNING:Xst:2677 - Node <clk_gen/CNT1/s_CNT2_5> of sequential type is unconnected in block <PCFG_TOP>.
WARNING:Xst:2677 - Node <clk_gen/CNT1/s_CNT2_8> of sequential type is unconnected in block <PCFG_TOP>.
WARNING:Xst:2677 - Node <clk_gen/CNT1/s_CNT2_6> of sequential type is unconnected in block <PCFG_TOP>.
WARNING:Xst:2677 - Node <clk_gen/CNT1/s_CNT2_7> of sequential type is unconnected in block <PCFG_TOP>.
WARNING:Xst:2677 - Node <clk_gen/CNT1/s_CNT2_9> of sequential type is unconnected in block <PCFG_TOP>.
WARNING:Xst:2677 - Node <clk_gen/CNT1/s_CNT2_10> of sequential type is unconnected in block <PCFG_TOP>.
WARNING:Xst:2677 - Node <clk_gen/CNT1/s_CNT2_13> of sequential type is unconnected in block <PCFG_TOP>.
WARNING:Xst:2677 - Node <clk_gen/CNT1/s_CNT2_11> of sequential type is unconnected in block <PCFG_TOP>.
WARNING:Xst:2677 - Node <clk_gen/CNT1/s_CNT2_12> of sequential type is unconnected in block <PCFG_TOP>.
WARNING:Xst:2677 - Node <clk_gen/CNT1/s_CNT2_14> of sequential type is unconnected in block <PCFG_TOP>.
WARNING:Xst:2677 - Node <clk_gen/CNT1/s_CNT2_15> of sequential type is unconnected in block <PCFG_TOP>.
WARNING:Xst:2677 - Node <clk_gen/CNT2/s_CNT3_UD> of sequential type is unconnected in block <PCFG_TOP>.
WARNING:Xst:2677 - Node <clk_gen/CNT2/s_wr_L> of sequential type is unconnected in block <PCFG_TOP>.
WARNING:Xst:2677 - Node <clk_gen/CNT2/s_wr_M> of sequential type is unconnected in block <PCFG_TOP>.
WARNING:Xst:2677 - Node <clk_gen/CNT2/s_CNT3_D_0> of sequential type is unconnected in block <PCFG_TOP>.
WARNING:Xst:2677 - Node <clk_gen/CNT2/s_CNT3_D_1> of sequential type is unconnected in block <PCFG_TOP>.
WARNING:Xst:2677 - Node <clk_gen/CNT2/s_CNT3_D_2> of sequential type is unconnected in block <PCFG_TOP>.
WARNING:Xst:2677 - Node <clk_gen/CNT2/s_CNT3_D_3> of sequential type is unconnected in block <PCFG_TOP>.
WARNING:Xst:2677 - Node <clk_gen/CNT2/s_CNT3_D_4> of sequential type is unconnected in block <PCFG_TOP>.
WARNING:Xst:2677 - Node <clk_gen/CNT2/s_CNT3_D_5> of sequential type is unconnected in block <PCFG_TOP>.
WARNING:Xst:2677 - Node <clk_gen/CNT2/s_CNT3_D_6> of sequential type is unconnected in block <PCFG_TOP>.
WARNING:Xst:2677 - Node <clk_gen/CNT2/s_CNT3_D_7> of sequential type is unconnected in block <PCFG_TOP>.
WARNING:Xst:2677 - Node <clk_gen/CNT2/s_CNT3_D_8> of sequential type is unconnected in block <PCFG_TOP>.
WARNING:Xst:2677 - Node <clk_gen/CNT2/s_CNT3_D_9> of sequential type is unconnected in block <PCFG_TOP>.
WARNING:Xst:2677 - Node <clk_gen/CNT2/s_CNT3_D_10> of sequential type is unconnected in block <PCFG_TOP>.
WARNING:Xst:2677 - Node <clk_gen/CNT2/s_CNT3_D_11> of sequential type is unconnected in block <PCFG_TOP>.
WARNING:Xst:2677 - Node <clk_gen/CNT2/s_CNT3_D_12> of sequential type is unconnected in block <PCFG_TOP>.
WARNING:Xst:2677 - Node <clk_gen/CNT2/s_CNT3_D_13> of sequential type is unconnected in block <PCFG_TOP>.
WARNING:Xst:2677 - Node <clk_gen/CNT2/s_CNT3_D_14> of sequential type is unconnected in block <PCFG_TOP>.
WARNING:Xst:2677 - Node <clk_gen/CNT2/s_REG_10> of sequential type is unconnected in block <PCFG_TOP>.
WARNING:Xst:2677 - Node <clk_gen/CNT2/s_CNT3_U_0> of sequential type is unconnected in block <PCFG_TOP>.
WARNING:Xst:2677 - Node <clk_gen/CNT2/s_CNT3_U_1> of sequential type is unconnected in block <PCFG_TOP>.
WARNING:Xst:2677 - Node <clk_gen/CNT2/s_CNT3_U_2> of sequential type is unconnected in block <PCFG_TOP>.
WARNING:Xst:2677 - Node <clk_gen/CNT2/s_CNT3_U_3> of sequential type is unconnected in block <PCFG_TOP>.
WARNING:Xst:2677 - Node <clk_gen/CNT2/s_CNT3_U_4> of sequential type is unconnected in block <PCFG_TOP>.
WARNING:Xst:2677 - Node <clk_gen/CNT2/s_CNT3_U_5> of sequential type is unconnected in block <PCFG_TOP>.
WARNING:Xst:2677 - Node <clk_gen/CNT2/s_CNT3_U_6> of sequential type is unconnected in block <PCFG_TOP>.
WARNING:Xst:2677 - Node <clk_gen/CNT2/s_CNT3_U_7> of sequential type is unconnected in block <PCFG_TOP>.
WARNING:Xst:2677 - Node <clk_gen/CNT2/s_CNT3_U_8> of sequential type is unconnected in block <PCFG_TOP>.
WARNING:Xst:2677 - Node <clk_gen/CNT2/s_CNT3_U_9> of sequential type is unconnected in block <PCFG_TOP>.
WARNING:Xst:2677 - Node <clk_gen/CNT2/s_CNT3_U_10> of sequential type is unconnected in block <PCFG_TOP>.
WARNING:Xst:2677 - Node <clk_gen/CNT2/s_CNT3_U_11> of sequential type is unconnected in block <PCFG_TOP>.
WARNING:Xst:2677 - Node <clk_gen/CNT2/s_CNT3_U_12> of sequential type is unconnected in block <PCFG_TOP>.
WARNING:Xst:2677 - Node <clk_gen/CNT2/s_CNT3_U_13> of sequential type is unconnected in block <PCFG_TOP>.
WARNING:Xst:2677 - Node <clk_gen/CNT2/s_CNT3_U_14> of sequential type is unconnected in block <PCFG_TOP>.
WARNING:Xst:2677 - Node <clk_gen/CNT2/s_wr_wait> of sequential type is unconnected in block <PCFG_TOP>.
WARNING:Xst:2677 - Node <clk_gen/CNT2/s_REG_11> of sequential type is unconnected in block <PCFG_TOP>.
WARNING:Xst:2677 - Node <clk_gen/CNT2/s_REG_12> of sequential type is unconnected in block <PCFG_TOP>.
WARNING:Xst:2677 - Node <clk_gen/CNT2/s_REG_0> of sequential type is unconnected in block <PCFG_TOP>.
WARNING:Xst:2677 - Node <clk_gen/CNT2/s_REG_14> of sequential type is unconnected in block <PCFG_TOP>.
WARNING:Xst:2677 - Node <clk_gen/CNT2/s_REG_13> of sequential type is unconnected in block <PCFG_TOP>.
WARNING:Xst:2677 - Node <clk_gen/CNT2/s_REG_1> of sequential type is unconnected in block <PCFG_TOP>.
WARNING:Xst:2677 - Node <clk_gen/CNT2/s_REG_2> of sequential type is unconnected in block <PCFG_TOP>.
WARNING:Xst:2677 - Node <clk_gen/CNT2/s_mode> of sequential type is unconnected in block <PCFG_TOP>.
WARNING:Xst:2677 - Node <clk_gen/CNT2/s_REG_15> of sequential type is unconnected in block <PCFG_TOP>.
WARNING:Xst:2677 - Node <clk_gen/CNT2/s_REG_3> of sequential type is unconnected in block <PCFG_TOP>.
WARNING:Xst:2677 - Node <clk_gen/CNT2/s_REG_6> of sequential type is unconnected in block <PCFG_TOP>.
WARNING:Xst:2677 - Node <clk_gen/CNT2/s_REG_4> of sequential type is unconnected in block <PCFG_TOP>.
WARNING:Xst:2677 - Node <clk_gen/CNT2/s_REG_5> of sequential type is unconnected in block <PCFG_TOP>.
WARNING:Xst:2677 - Node <clk_gen/CNT2/s_REG_7> of sequential type is unconnected in block <PCFG_TOP>.
WARNING:Xst:2677 - Node <clk_gen/CNT2/s_REG_8> of sequential type is unconnected in block <PCFG_TOP>.
WARNING:Xst:2677 - Node <clk_gen/CNT2/s_REG_9> of sequential type is unconnected in block <PCFG_TOP>.
WARNING:Xst:2677 - Node <clk_gen/CNT2/s_CNT2_0> of sequential type is unconnected in block <PCFG_TOP>.
WARNING:Xst:2677 - Node <clk_gen/CNT2/s_CNT2_3> of sequential type is unconnected in block <PCFG_TOP>.
WARNING:Xst:2677 - Node <clk_gen/CNT2/s_CNT2_1> of sequential type is unconnected in block <PCFG_TOP>.
WARNING:Xst:2677 - Node <clk_gen/CNT2/s_CNT2_2> of sequential type is unconnected in block <PCFG_TOP>.
WARNING:Xst:2677 - Node <clk_gen/CNT2/s_CNT2_4> of sequential type is unconnected in block <PCFG_TOP>.
WARNING:Xst:2677 - Node <clk_gen/CNT2/s_CNT2_5> of sequential type is unconnected in block <PCFG_TOP>.
WARNING:Xst:2677 - Node <clk_gen/CNT2/s_CNT2_8> of sequential type is unconnected in block <PCFG_TOP>.
WARNING:Xst:2677 - Node <clk_gen/CNT2/s_CNT2_6> of sequential type is unconnected in block <PCFG_TOP>.
WARNING:Xst:2677 - Node <clk_gen/CNT2/s_CNT2_7> of sequential type is unconnected in block <PCFG_TOP>.
WARNING:Xst:2677 - Node <clk_gen/CNT2/s_CNT2_9> of sequential type is unconnected in block <PCFG_TOP>.
WARNING:Xst:2677 - Node <clk_gen/CNT2/s_CNT2_10> of sequential type is unconnected in block <PCFG_TOP>.
WARNING:Xst:2677 - Node <clk_gen/CNT2/s_CNT2_13> of sequential type is unconnected in block <PCFG_TOP>.
WARNING:Xst:2677 - Node <clk_gen/CNT2/s_CNT2_11> of sequential type is unconnected in block <PCFG_TOP>.
WARNING:Xst:2677 - Node <clk_gen/CNT2/s_CNT2_12> of sequential type is unconnected in block <PCFG_TOP>.
WARNING:Xst:2677 - Node <clk_gen/CNT2/s_CNT2_14> of sequential type is unconnected in block <PCFG_TOP>.
WARNING:Xst:2677 - Node <clk_gen/CNT2/s_CNT2_15> of sequential type is unconnected in block <PCFG_TOP>.

Mapping all equations...
Building and optimizing final netlist ...
INFO:Xst:2261 - The FF/Latch <avg_module/cns1/s_divisor_0> in Unit <PCFG_TOP> is equivalent to the following 7 FFs/Latches, which will be removed : <avg_module/cns2/s_divisor_0> <avg_module/cns3/s_divisor_0> <avg_module/cns4/s_divisor_0> <avg_module/cns5/s_divisor_0> <avg_module/cns6/s_divisor_0> <avg_module/cns7/s_divisor_0> <avg_module/cns8/s_divisor_0> 
INFO:Xst:2261 - The FF/Latch <avg_module/cns1/s_divisor_1> in Unit <PCFG_TOP> is equivalent to the following 7 FFs/Latches, which will be removed : <avg_module/cns2/s_divisor_1> <avg_module/cns3/s_divisor_1> <avg_module/cns4/s_divisor_1> <avg_module/cns5/s_divisor_1> <avg_module/cns6/s_divisor_1> <avg_module/cns7/s_divisor_1> <avg_module/cns8/s_divisor_1> 
INFO:Xst:2261 - The FF/Latch <avg_module/cns1/s_divisor_2> in Unit <PCFG_TOP> is equivalent to the following 7 FFs/Latches, which will be removed : <avg_module/cns2/s_divisor_2> <avg_module/cns3/s_divisor_2> <avg_module/cns4/s_divisor_2> <avg_module/cns5/s_divisor_2> <avg_module/cns6/s_divisor_2> <avg_module/cns7/s_divisor_2> <avg_module/cns8/s_divisor_2> 
INFO:Xst:2261 - The FF/Latch <avg_module/cns1/s_divisor_3> in Unit <PCFG_TOP> is equivalent to the following 7 FFs/Latches, which will be removed : <avg_module/cns2/s_divisor_3> <avg_module/cns3/s_divisor_3> <avg_module/cns4/s_divisor_3> <avg_module/cns5/s_divisor_3> <avg_module/cns6/s_divisor_3> <avg_module/cns7/s_divisor_3> <avg_module/cns8/s_divisor_3> 
INFO:Xst:2261 - The FF/Latch <avg_module/cns1/s_divisor_4> in Unit <PCFG_TOP> is equivalent to the following 7 FFs/Latches, which will be removed : <avg_module/cns2/s_divisor_4> <avg_module/cns3/s_divisor_4> <avg_module/cns4/s_divisor_4> <avg_module/cns5/s_divisor_4> <avg_module/cns6/s_divisor_4> <avg_module/cns7/s_divisor_4> <avg_module/cns8/s_divisor_4> 
INFO:Xst:2261 - The FF/Latch <avg_module/cns1/s_divisor_5> in Unit <PCFG_TOP> is equivalent to the following 7 FFs/Latches, which will be removed : <avg_module/cns2/s_divisor_5> <avg_module/cns3/s_divisor_5> <avg_module/cns4/s_divisor_5> <avg_module/cns5/s_divisor_5> <avg_module/cns6/s_divisor_5> <avg_module/cns7/s_divisor_5> <avg_module/cns8/s_divisor_5> 
INFO:Xst:2261 - The FF/Latch <avg_module/cns1/s_divisor_6> in Unit <PCFG_TOP> is equivalent to the following 7 FFs/Latches, which will be removed : <avg_module/cns2/s_divisor_6> <avg_module/cns3/s_divisor_6> <avg_module/cns4/s_divisor_6> <avg_module/cns5/s_divisor_6> <avg_module/cns6/s_divisor_6> <avg_module/cns7/s_divisor_6> <avg_module/cns8/s_divisor_6> 
INFO:Xst:2261 - The FF/Latch <avg_module/cns1/s_divisor_7> in Unit <PCFG_TOP> is equivalent to the following 7 FFs/Latches, which will be removed : <avg_module/cns2/s_divisor_7> <avg_module/cns3/s_divisor_7> <avg_module/cns4/s_divisor_7> <avg_module/cns5/s_divisor_7> <avg_module/cns6/s_divisor_7> <avg_module/cns7/s_divisor_7> <avg_module/cns8/s_divisor_7> 
Found area constraint ratio of 100 (+ 5) on block PCFG_TOP, actual ratio is 1.
WARNING:Xst:2677 - Node <avg_module/cns1/s_divisor_0> of sequential type is unconnected in block <PCFG_TOP>.
WARNING:Xst:2677 - Node <avg_module/cns1/s_divisor_1> of sequential type is unconnected in block <PCFG_TOP>.
WARNING:Xst:2677 - Node <avg_module/cns1/s_divisor_2> of sequential type is unconnected in block <PCFG_TOP>.
WARNING:Xst:2677 - Node <avg_module/cns1/s_divisor_3> of sequential type is unconnected in block <PCFG_TOP>.
WARNING:Xst:2677 - Node <avg_module/cns1/s_divisor_4> of sequential type is unconnected in block <PCFG_TOP>.
WARNING:Xst:2677 - Node <avg_module/cns1/s_divisor_5> of sequential type is unconnected in block <PCFG_TOP>.
WARNING:Xst:2677 - Node <avg_module/cns1/s_divisor_6> of sequential type is unconnected in block <PCFG_TOP>.
WARNING:Xst:2677 - Node <avg_module/cns1/s_divisor_7> of sequential type is unconnected in block <PCFG_TOP>.
WARNING:Xst:2677 - Node <avg_module/cns2/s_dividend_1> of sequential type is unconnected in block <PCFG_TOP>.
WARNING:Xst:2677 - Node <avg_module/cns2/s_dividend_2> of sequential type is unconnected in block <PCFG_TOP>.
WARNING:Xst:2677 - Node <avg_module/cns2/s_dividend_3> of sequential type is unconnected in block <PCFG_TOP>.
WARNING:Xst:2677 - Node <avg_module/cns2/s_dividend_4> of sequential type is unconnected in block <PCFG_TOP>.
WARNING:Xst:2677 - Node <avg_module/cns2/s_dividend_5> of sequential type is unconnected in block <PCFG_TOP>.
WARNING:Xst:2677 - Node <avg_module/cns2/s_dividend_6> of sequential type is unconnected in block <PCFG_TOP>.
WARNING:Xst:2677 - Node <avg_module/cns2/s_dividend_7> of sequential type is unconnected in block <PCFG_TOP>.
WARNING:Xst:2677 - Node <avg_module/cns3/s_dividend_1> of sequential type is unconnected in block <PCFG_TOP>.
WARNING:Xst:2677 - Node <avg_module/cns3/s_dividend_2> of sequential type is unconnected in block <PCFG_TOP>.
WARNING:Xst:2677 - Node <avg_module/cns3/s_dividend_3> of sequential type is unconnected in block <PCFG_TOP>.
WARNING:Xst:2677 - Node <avg_module/cns3/s_dividend_4> of sequential type is unconnected in block <PCFG_TOP>.
WARNING:Xst:2677 - Node <avg_module/cns3/s_dividend_5> of sequential type is unconnected in block <PCFG_TOP>.
WARNING:Xst:2677 - Node <avg_module/cns3/s_dividend_6> of sequential type is unconnected in block <PCFG_TOP>.
WARNING:Xst:2677 - Node <avg_module/cns3/s_dividend_7> of sequential type is unconnected in block <PCFG_TOP>.
WARNING:Xst:2677 - Node <avg_module/cns4/s_dividend_1> of sequential type is unconnected in block <PCFG_TOP>.
WARNING:Xst:2677 - Node <avg_module/cns4/s_dividend_2> of sequential type is unconnected in block <PCFG_TOP>.
WARNING:Xst:2677 - Node <avg_module/cns4/s_dividend_3> of sequential type is unconnected in block <PCFG_TOP>.
WARNING:Xst:2677 - Node <avg_module/cns4/s_dividend_4> of sequential type is unconnected in block <PCFG_TOP>.
WARNING:Xst:2677 - Node <avg_module/cns4/s_dividend_5> of sequential type is unconnected in block <PCFG_TOP>.
WARNING:Xst:2677 - Node <avg_module/cns4/s_dividend_6> of sequential type is unconnected in block <PCFG_TOP>.
WARNING:Xst:2677 - Node <avg_module/cns4/s_dividend_7> of sequential type is unconnected in block <PCFG_TOP>.
WARNING:Xst:2677 - Node <avg_module/cns5/s_dividend_1> of sequential type is unconnected in block <PCFG_TOP>.
WARNING:Xst:2677 - Node <avg_module/cns5/s_dividend_2> of sequential type is unconnected in block <PCFG_TOP>.
WARNING:Xst:2677 - Node <avg_module/cns5/s_dividend_3> of sequential type is unconnected in block <PCFG_TOP>.
WARNING:Xst:2677 - Node <avg_module/cns5/s_dividend_4> of sequential type is unconnected in block <PCFG_TOP>.
WARNING:Xst:2677 - Node <avg_module/cns5/s_dividend_5> of sequential type is unconnected in block <PCFG_TOP>.
WARNING:Xst:2677 - Node <avg_module/cns5/s_dividend_6> of sequential type is unconnected in block <PCFG_TOP>.
WARNING:Xst:2677 - Node <avg_module/cns5/s_dividend_7> of sequential type is unconnected in block <PCFG_TOP>.
WARNING:Xst:2677 - Node <avg_module/cns6/s_dividend_1> of sequential type is unconnected in block <PCFG_TOP>.
WARNING:Xst:2677 - Node <avg_module/cns6/s_dividend_2> of sequential type is unconnected in block <PCFG_TOP>.
WARNING:Xst:2677 - Node <avg_module/cns6/s_dividend_3> of sequential type is unconnected in block <PCFG_TOP>.
WARNING:Xst:2677 - Node <avg_module/cns6/s_dividend_4> of sequential type is unconnected in block <PCFG_TOP>.
WARNING:Xst:2677 - Node <avg_module/cns6/s_dividend_5> of sequential type is unconnected in block <PCFG_TOP>.
WARNING:Xst:2677 - Node <avg_module/cns6/s_dividend_6> of sequential type is unconnected in block <PCFG_TOP>.
WARNING:Xst:2677 - Node <avg_module/cns6/s_dividend_7> of sequential type is unconnected in block <PCFG_TOP>.
WARNING:Xst:2677 - Node <avg_module/cns7/s_dividend_1> of sequential type is unconnected in block <PCFG_TOP>.
WARNING:Xst:2677 - Node <avg_module/cns7/s_dividend_2> of sequential type is unconnected in block <PCFG_TOP>.
WARNING:Xst:2677 - Node <avg_module/cns7/s_dividend_3> of sequential type is unconnected in block <PCFG_TOP>.
WARNING:Xst:2677 - Node <avg_module/cns7/s_dividend_4> of sequential type is unconnected in block <PCFG_TOP>.
WARNING:Xst:2677 - Node <avg_module/cns7/s_dividend_5> of sequential type is unconnected in block <PCFG_TOP>.
WARNING:Xst:2677 - Node <avg_module/cns7/s_dividend_6> of sequential type is unconnected in block <PCFG_TOP>.
WARNING:Xst:2677 - Node <avg_module/cns7/s_dividend_7> of sequential type is unconnected in block <PCFG_TOP>.
WARNING:Xst:2677 - Node <avg_module/cns8/s_dividend_1> of sequential type is unconnected in block <PCFG_TOP>.
WARNING:Xst:2677 - Node <avg_module/cns8/s_dividend_2> of sequential type is unconnected in block <PCFG_TOP>.
WARNING:Xst:2677 - Node <avg_module/cns8/s_dividend_3> of sequential type is unconnected in block <PCFG_TOP>.
WARNING:Xst:2677 - Node <avg_module/cns8/s_dividend_4> of sequential type is unconnected in block <PCFG_TOP>.
WARNING:Xst:2677 - Node <avg_module/cns8/s_dividend_5> of sequential type is unconnected in block <PCFG_TOP>.
WARNING:Xst:2677 - Node <avg_module/cns8/s_dividend_6> of sequential type is unconnected in block <PCFG_TOP>.
WARNING:Xst:2677 - Node <avg_module/cns8/s_dividend_7> of sequential type is unconnected in block <PCFG_TOP>.
FlipFlop sig_controller/t_ps_FSM_FFd4 has been replicated 1 time(s)

Final Macro Processing ...

=========================================================================
Final Register Report

Macro Statistics
# Registers                                            : 263
 Flip-Flops                                            : 263

=========================================================================

=========================================================================
*                           Partition Report                            *
=========================================================================

Partition Implementation Status
-------------------------------

  No Partitions were found in this design.

-------------------------------

=========================================================================
*                            Final Report                               *
=========================================================================
Final Results
RTL Top Level Output File Name     : PCFG_TOP.ngr
Top Level Output File Name         : PCFG_TOP
Output Format                      : NGC
Optimization Goal                  : Speed
Keep Hierarchy                     : No

Design Statistics
# IOs                              : 51

Cell Usage :
# BELS                             : 920
#      GND                         : 9
#      INV                         : 69
#      LUT1                        : 68
#      LUT2                        : 99
#      LUT2_D                      : 1
#      LUT2_L                      : 1
#      LUT3                        : 85
#      LUT3_D                      : 8
#      LUT3_L                      : 11
#      LUT4                        : 203
#      LUT4_D                      : 24
#      LUT4_L                      : 18
#      MUXCY                       : 167
#      MUXF5                       : 25
#      VCC                         : 1
#      XORCY                       : 131
# FlipFlops/Latches                : 263
#      FD                          : 61
#      FDCE                        : 32
#      FDE                         : 44
#      FDPE                        : 4
#      FDR                         : 32
#      FDRE                        : 42
#      FDRS                        : 2
#      FDS                         : 10
#      FDS_1                       : 31
#      FDSE                        : 5
# RAMS                             : 4
#      RAMB16                      : 4
# Clock Buffers                    : 3
#      BUFG                        : 3
# IO Buffers                       : 51
#      IBUF                        : 22
#      IBUFG                       : 1
#      IOBUF                       : 8
#      OBUF                        : 20
=========================================================================

Device utilization summary:
---------------------------

Selected Device : 3s5000fg900-4 

 Number of Slices:                      313  out of  33280     0%  
 Number of Slice Flip Flops:            247  out of  66560     0%  
 Number of 4 input LUTs:                587  out of  66560     0%  
 Number of IOs:                          51
 Number of bonded IOBs:                  51  out of    633     8%  
    IOB Flip Flops:                      16
 Number of BRAMs:                         4  out of    104     3%  
 Number of GCLKs:                         3  out of      8    37%  

---------------------------
Partition Resource Summary:
---------------------------

  No Partitions were found in this design.

---------------------------


=========================================================================
TIMING REPORT

NOTE: THESE TIMING NUMBERS ARE ONLY A SYNTHESIS ESTIMATE.
      FOR ACCURATE TIMING INFORMATION PLEASE REFER TO THE TRACE REPORT
      GENERATED AFTER PLACE-and-ROUTE.

Clock Information:
------------------
------------------------------------------+---------------------------------------------------------------------------------------------------------------------------------------------------------------------------------------------------------------------------------------------------+-------+
Clock Signal                              | Clock buffer(FF name)                                                                                                                                                                                                                             | Load  |
------------------------------------------+---------------------------------------------------------------------------------------------------------------------------------------------------------------------------------------------------------------------------------------------------+-------+
m_clk                                     | IBUFG+BUFG                                                                                                                                                                                                                                        | 209   |
m_TP_1_OBUF1(clk_gen/CNT0/m_out:O)        | BUFG(*)(sram_AD/U0/xst_blk_mem_generator/gnativebmg.native_blk_mem_gen/valid.cstr/ramloop[0].ram.r/s3_noinit.ram/dpram.dp9x9.ram/U0/xst_blk_mem_generator/gnativebmg.native_blk_mem_gen/valid.cstr/ramloop[0].ram.r/s3_noinit.ram/dpram.dp9x9.ram)| 39    |
clk_gen/CNT0/s_wr1(clk_gen/CNT0/s_wr_f5:O)| BUFG(*)(clk_gen/CNT0/s_wr_L)                                                                                                                                                                                                                      | 20    |
------------------------------------------+---------------------------------------------------------------------------------------------------------------------------------------------------------------------------------------------------------------------------------------------------+-------+
(*) These 2 clock signal(s) are generated by combinatorial logic,
and XST is not able to identify which are the primary clock signals.
Please use the CLOCK_SIGNAL constraint to specify the clock signal(s) generated by combinatorial logic.

Asynchronous Control Signals Information:
----------------------------------------
-----------------------------------------+----------------------------+-------+
Control Signal                           | Buffer(FF name)            | Load  |
-----------------------------------------+----------------------------+-------+
clk_gen_not0000(clk_gen_not00001_INV_0:O)| NONE(clk_gen/CNT0/s_CNT2_0)| 36    |
-----------------------------------------+----------------------------+-------+

Timing Summary:
---------------
Speed Grade: -4

   Minimum period: 9.445ns (Maximum Frequency: 105.876MHz)
   Minimum input arrival time before clock: 6.706ns
   Maximum output required time after clock: 14.413ns
   Maximum combinational path delay: 9.309ns

Timing Detail:
--------------
All values displayed in nanoseconds (ns)

=========================================================================
Timing constraint: Default period analysis for Clock 'm_clk'
  Clock period: 9.445ns (frequency: 105.876MHz)
  Total number of paths / destination ports: 7573 / 421
-------------------------------------------------------------------------
Delay:               9.445ns (Levels of Logic = 4)
  Source:            clk_gen/CNT0/s_CNT3_U_4 (FF)
  Destination:       clk_gen/CNT0/s_CNT3_U_0 (FF)
  Source Clock:      m_clk falling
  Destination Clock: m_clk falling

  Data Path: clk_gen/CNT0/s_CNT3_U_4 to clk_gen/CNT0/s_CNT3_U_0
                                Gate     Net
    Cell:in->out      fanout   Delay   Delay  Logical Name (Net Name)
    ----------------------------------------  ------------
     FDS_1:C->Q            3   0.720   1.246  clk_gen/CNT0/s_CNT3_U_4 (clk_gen/CNT0/s_CNT3_U_4)
     LUT4:I0->O            1   0.551   0.996  clk_gen/CNT0/s_CNT3_UD_cmp_eq000025 (clk_gen/CNT0/s_CNT3_UD_cmp_eq000025)
     LUT4:I1->O           15   0.551   1.214  clk_gen/CNT0/s_CNT3_UD_cmp_eq000071 (clk_gen/CNT0/s_CNT3_UD_cmp_eq0000)
     LUT4_D:I3->O         13   0.551   1.238  clk_gen/CNT0/s_CNT3_D_mux0004<14>18_1 (clk_gen/CNT0/s_CNT3_D_mux0004<14>18)
     LUT4:I2->O            1   0.551   0.801  clk_gen/CNT0/s_CNT3_U_mux0000<7>14 (clk_gen/CNT0/s_CNT3_U_mux0000<7>14)
     FDS_1:S                   1.026          clk_gen/CNT0/s_CNT3_U_6
    ----------------------------------------
    Total                      9.445ns (3.950ns logic, 5.495ns route)
                                       (41.8% logic, 58.2% route)

=========================================================================
Timing constraint: Default period analysis for Clock 'clk_gen/CNT0/s_wr1'
  Clock period: 4.202ns (frequency: 237.982MHz)
  Total number of paths / destination ports: 51 / 17
-------------------------------------------------------------------------
Delay:               4.202ns (Levels of Logic = 1)
  Source:            clk_gen/CNT0/s_wr_L (FF)
  Destination:       clk_gen/CNT0/s_REG_10 (FF)
  Source Clock:      clk_gen/CNT0/s_wr1 rising
  Destination Clock: clk_gen/CNT0/s_wr1 rising

  Data Path: clk_gen/CNT0/s_wr_L to clk_gen/CNT0/s_REG_10
                                Gate     Net
    Cell:in->out      fanout   Delay   Delay  Logical Name (Net Name)
    ----------------------------------------  ------------
     FDCE:C->Q             3   0.720   1.246  clk_gen/CNT0/s_wr_L (clk_gen/CNT0/s_wr_L)
     LUT4:I0->O            8   0.551   1.083  clk_gen/CNT0/s_REG_10_not00011 (clk_gen/CNT0/s_REG_10_not0001)
     FDCE:CE                   0.602          clk_gen/CNT0/s_REG_10
    ----------------------------------------
    Total                      4.202ns (1.873ns logic, 2.329ns route)
                                       (44.6% logic, 55.4% route)

=========================================================================
Timing constraint: Default period analysis for Clock 'm_TP_1_OBUF1'
  Clock period: 7.613ns (frequency: 131.354MHz)
  Total number of paths / destination ports: 374 / 33
-------------------------------------------------------------------------
Delay:               7.613ns (Levels of Logic = 13)
  Source:            sig_controller/dac_ctr/s_cnt_0 (FF)
  Destination:       sig_controller/dac_ctr/s_cnt_0 (FF)
  Source Clock:      m_TP_1_OBUF1 rising
  Destination Clock: m_TP_1_OBUF1 rising

  Data Path: sig_controller/dac_ctr/s_cnt_0 to sig_controller/dac_ctr/s_cnt_0
                                Gate     Net
    Cell:in->out      fanout   Delay   Delay  Logical Name (Net Name)
    ----------------------------------------  ------------
     FDR:C->Q              3   0.720   1.246  sig_controller/dac_ctr/s_cnt_0 (sig_controller/dac_ctr/s_cnt_0)
     LUT2:I0->O            1   0.551   0.000  sig_controller/dac_ctr/Mcompar_s_comp_cmp_lt0000_lut<0> (sig_controller/dac_ctr/Mcompar_s_comp_cmp_lt0000_lut<0>)
     MUXCY:S->O            1   0.500   0.000  sig_controller/dac_ctr/Mcompar_s_comp_cmp_lt0000_cy<0> (sig_controller/dac_ctr/Mcompar_s_comp_cmp_lt0000_cy<0>)
     MUXCY:CI->O           1   0.064   0.000  sig_controller/dac_ctr/Mcompar_s_comp_cmp_lt0000_cy<1> (sig_controller/dac_ctr/Mcompar_s_comp_cmp_lt0000_cy<1>)
     MUXCY:CI->O           1   0.064   0.000  sig_controller/dac_ctr/Mcompar_s_comp_cmp_lt0000_cy<2> (sig_controller/dac_ctr/Mcompar_s_comp_cmp_lt0000_cy<2>)
     MUXCY:CI->O           1   0.064   0.000  sig_controller/dac_ctr/Mcompar_s_comp_cmp_lt0000_cy<3> (sig_controller/dac_ctr/Mcompar_s_comp_cmp_lt0000_cy<3>)
     MUXCY:CI->O           1   0.064   0.000  sig_controller/dac_ctr/Mcompar_s_comp_cmp_lt0000_cy<4> (sig_controller/dac_ctr/Mcompar_s_comp_cmp_lt0000_cy<4>)
     MUXCY:CI->O           1   0.064   0.000  sig_controller/dac_ctr/Mcompar_s_comp_cmp_lt0000_cy<5> (sig_controller/dac_ctr/Mcompar_s_comp_cmp_lt0000_cy<5>)
     MUXCY:CI->O           1   0.064   0.000  sig_controller/dac_ctr/Mcompar_s_comp_cmp_lt0000_cy<6> (sig_controller/dac_ctr/Mcompar_s_comp_cmp_lt0000_cy<6>)
     MUXCY:CI->O           1   0.064   0.000  sig_controller/dac_ctr/Mcompar_s_comp_cmp_lt0000_cy<7> (sig_controller/dac_ctr/Mcompar_s_comp_cmp_lt0000_cy<7>)
     MUXCY:CI->O           1   0.064   0.000  sig_controller/dac_ctr/Mcompar_s_comp_cmp_lt0000_cy<8> (sig_controller/dac_ctr/Mcompar_s_comp_cmp_lt0000_cy<8>)
     MUXCY:CI->O           1   0.064   0.000  sig_controller/dac_ctr/Mcompar_s_comp_cmp_lt0000_cy<9> (sig_controller/dac_ctr/Mcompar_s_comp_cmp_lt0000_cy<9>)
     MUXCY:CI->O           1   0.303   0.996  sig_controller/dac_ctr/Mcompar_s_comp_cmp_lt0000_cy<10> (sig_controller/dac_ctr/Mcompar_s_comp_cmp_lt0000_cy<10>)
     LUT2:I1->O           11   0.551   1.144  sig_controller/dac_ctr/s_cnt_not00011 (sig_controller/dac_ctr/s_cnt_not0001)
     FDR:R                     1.026          sig_controller/dac_ctr/s_cnt_0
    ----------------------------------------
    Total                      7.613ns (4.227ns logic, 3.386ns route)
                                       (55.5% logic, 44.5% route)

=========================================================================
Timing constraint: Default OFFSET IN BEFORE for Clock 'm_clk'
  Total number of paths / destination ports: 167 / 113
-------------------------------------------------------------------------
Offset:              6.706ns (Levels of Logic = 4)
  Source:            m_reset_b (PAD)
  Destination:       clk_gen/CNT0/s_CNT3_D_1 (FF)
  Destination Clock: m_clk falling

  Data Path: m_reset_b to clk_gen/CNT0/s_CNT3_D_1
                                Gate     Net
    Cell:in->out      fanout   Delay   Delay  Logical Name (Net Name)
    ----------------------------------------  ------------
     IBUF:I->O            16   0.821   1.576  m_reset_b_IBUF (m_reset_b_IBUF)
     LUT2:I0->O            1   0.551   1.140  clk_gen/CNT0/s_CNT3_U_mux0000<10>111_SW0 (N107)
     LUT4_D:I0->O         12   0.551   1.313  clk_gen/CNT0/s_CNT3_D_mux0004<13>21 (clk_gen/CNT0/N7)
     LUT3:I1->O            1   0.551   0.000  clk_gen/CNT0/s_CNT3_D_mux0004<13>221 (clk_gen/CNT0/s_CNT3_D_mux0004<13>22)
     FDS_1:D                   0.203          clk_gen/CNT0/s_CNT3_D_1
    ----------------------------------------
    Total                      6.706ns (2.677ns logic, 4.029ns route)
                                       (39.9% logic, 60.1% route)

=========================================================================
Timing constraint: Default OFFSET IN BEFORE for Clock 'm_TP_1_OBUF1'
  Total number of paths / destination ports: 8 / 8
-------------------------------------------------------------------------
Offset:              1.825ns (Levels of Logic = 1)
  Source:            m_ADC_data<0> (PAD)
  Destination:       ad_latch_dout_0 (FF)
  Destination Clock: m_TP_1_OBUF1 rising

  Data Path: m_ADC_data<0> to ad_latch_dout_0
                                Gate     Net
    Cell:in->out      fanout   Delay   Delay  Logical Name (Net Name)
    ----------------------------------------  ------------
     IBUF:I->O             1   0.821   0.801  m_ADC_data_0_IBUF (m_ADC_data_0_IBUF)
     FD:D                      0.203          ad_latch_dout_0
    ----------------------------------------
    Total                      1.825ns (1.024ns logic, 0.801ns route)
                                       (56.1% logic, 43.9% route)

=========================================================================
Timing constraint: Default OFFSET OUT AFTER for Clock 'clk_gen/CNT0/s_wr1'
  Total number of paths / destination ports: 51 / 3
-------------------------------------------------------------------------
Offset:              12.556ns (Levels of Logic = 4)
  Source:            clk_gen/CNT0/s_REG_2 (FF)
  Destination:       m_AD9283_clk (PAD)
  Source Clock:      clk_gen/CNT0/s_wr1 rising

  Data Path: clk_gen/CNT0/s_REG_2 to m_AD9283_clk
                                Gate     Net
    Cell:in->out      fanout   Delay   Delay  Logical Name (Net Name)
    ----------------------------------------  ------------
     FDPE:C->Q             6   0.720   1.342  clk_gen/CNT0/s_REG_2 (clk_gen/CNT0/s_REG_2)
     LUT4:I0->O            1   0.551   1.140  clk_gen/CNT0/s_out2_or000012 (clk_gen/CNT0/s_out2_or000012)
     LUT4:I0->O            1   0.551   1.140  clk_gen/CNT0/s_out2_or000071 (clk_gen/CNT0/s_out2_or0000)
     LUT4:I0->O            4   0.551   0.917  clk_gen/CNT0/m_out (m_TP_1_OBUF1)
     OBUF:I->O                 5.644          m_AD9283_clk_OBUF (m_AD9283_clk)
    ----------------------------------------
    Total                     12.556ns (8.017ns logic, 4.539ns route)
                                       (63.8% logic, 36.2% route)

=========================================================================
Timing constraint: Default OFFSET OUT AFTER for Clock 'm_clk'
  Total number of paths / destination ports: 83 / 11
-------------------------------------------------------------------------
Offset:              14.413ns (Levels of Logic = 5)
  Source:            clk_gen/CNT0/s_CNT2_1 (FF)
  Destination:       m_AD9283_clk (PAD)
  Source Clock:      m_clk falling

  Data Path: clk_gen/CNT0/s_CNT2_1 to m_AD9283_clk
                                Gate     Net
    Cell:in->out      fanout   Delay   Delay  Logical Name (Net Name)
    ----------------------------------------  ------------
     FDCE:C->Q             2   0.720   1.216  clk_gen/CNT0/s_CNT2_1 (clk_gen/CNT0/s_CNT2_1)
     LUT4:I0->O            1   0.551   1.140  clk_gen/CNT0/s_CNT2_cmp_eq000011 (clk_gen/CNT0/s_CNT2_cmp_eq000011)
     LUT4_D:I0->O         16   0.551   1.576  clk_gen/CNT0/s_CNT2_cmp_eq000075 (clk_gen/CNT0/s_CNT2_cmp_eq0000)
     LUT3:I0->O            1   0.551   0.996  clk_gen/CNT0/m_out_SW0 (N38)
     LUT4:I1->O            4   0.551   0.917  clk_gen/CNT0/m_out (m_TP_1_OBUF1)
     OBUF:I->O                 5.644          m_AD9283_clk_OBUF (m_AD9283_clk)
    ----------------------------------------
    Total                     14.413ns (8.568ns logic, 5.845ns route)
                                       (59.4% logic, 40.6% route)

=========================================================================
Timing constraint: Default OFFSET OUT AFTER for Clock 'm_TP_1_OBUF1'
  Total number of paths / destination ports: 8 / 8
-------------------------------------------------------------------------
Offset:              7.165ns (Levels of Logic = 1)
  Source:            da_latch_dout_7 (FF)
  Destination:       m_DAC_data<7> (PAD)
  Source Clock:      m_TP_1_OBUF1 rising

  Data Path: da_latch_dout_7 to m_DAC_data<7>
                                Gate     Net
    Cell:in->out      fanout   Delay   Delay  Logical Name (Net Name)
    ----------------------------------------  ------------
     FDS:C->Q              1   0.720   0.801  da_latch_dout_7 (da_latch_dout_7)
     OBUF:I->O                 5.644          m_DAC_data_7_OBUF (m_DAC_data<7>)
    ----------------------------------------
    Total                      7.165ns (6.364ns logic, 0.801ns route)
                                       (88.8% logic, 11.2% route)

=========================================================================
Timing constraint: Default path analysis
  Total number of paths / destination ports: 4 / 4
-------------------------------------------------------------------------
Delay:               9.309ns (Levels of Logic = 3)
  Source:            m_clk (PAD)
  Destination:       m_AD9283_clk (PAD)

  Data Path: m_clk to m_AD9283_clk
                                Gate     Net
    Cell:in->out      fanout   Delay   Delay  Logical Name (Net Name)
    ----------------------------------------  ------------
     IBUFG:I->O            3   1.222   0.975  s_clk_g (m_TP_0_OBUF1)
     LUT4:I2->O            4   0.551   0.917  clk_gen/CNT0/m_out (m_TP_1_OBUF1)
     OBUF:I->O                 5.644          m_AD9283_clk_OBUF (m_AD9283_clk)
    ----------------------------------------
    Total                      9.309ns (7.417ns logic, 1.892ns route)
                                       (79.7% logic, 20.3% route)

=========================================================================


Total REAL time to Xst completion: 11.00 secs
Total CPU time to Xst completion: 11.42 secs
 
--> 

Total memory usage is 4583676 kilobytes

Number of errors   :    0 (   0 filtered)
Number of warnings :  321 (   0 filtered)
Number of infos    :   23 (   0 filtered)

