V3 45
FL C:/KDH/Doc/18y6s/adca/PCFG/PCFG_18/fpga_pc_test/ipcore_dir/sram2k.vhd 2018/11/21.20:17:41 P.20131013
EN work/sram2k 1542799487 \
      FL C:/KDH/Doc/18y6s/adca/PCFG/PCFG_18/fpga_pc_test/ipcore_dir/sram2k.vhd \
      PB ieee/std_logic_1164 1381692176
AR work/sram2k/sram2k_a 1542799488 \
      FL C:/KDH/Doc/18y6s/adca/PCFG/PCFG_18/fpga_pc_test/ipcore_dir/sram2k.vhd \
      EN work/sram2k 1542799487
FL C:/KDH/Doc/18y6s/adca/PCFG/PCFG_18/fpga_pc_test/vhdl/ADCcnt.vhd 2018/11/21.15:16:07 P.20131013
EN work/ADCcnt 1542799477 \
      FL C:/KDH/Doc/18y6s/adca/PCFG/PCFG_18/fpga_pc_test/vhdl/ADCcnt.vhd \
      PB ieee/std_logic_1164 1381692176 PB ieee/std_logic_arith 1381692177 \
      PB ieee/STD_LOGIC_UNSIGNED 1381692179
AR work/ADCcnt/Behavioral 1542799478 \
      FL C:/KDH/Doc/18y6s/adca/PCFG/PCFG_18/fpga_pc_test/vhdl/ADCcnt.vhd \
      EN work/ADCcnt 1542799477
FL C:/KDH/Doc/18y6s/adca/PCFG/PCFG_18/fpga_pc_test/vhdl/address_decoder.vhd 2018/11/21.15:16:07 P.20131013
EN work/address_decoder 1542799483 \
      FL C:/KDH/Doc/18y6s/adca/PCFG/PCFG_18/fpga_pc_test/vhdl/address_decoder.vhd \
      PB ieee/std_logic_1164 1381692176 PB ieee/std_logic_arith 1381692177 \
      PB ieee/STD_LOGIC_UNSIGNED 1381692179 LB UNISIM PH unisim/VCOMPONENTS 1381692182
AR work/address_decoder/Behavioral 1542799484 \
      FL C:/KDH/Doc/18y6s/adca/PCFG/PCFG_18/fpga_pc_test/vhdl/address_decoder.vhd \
      EN work/address_decoder 1542799483
FL C:/KDH/Doc/18y6s/adca/PCFG/PCFG_18/fpga_pc_test/vhdl/Averager.vhd 2018/11/21.19:37:53 P.20131013
EN work/Averager 1542799489 \
      FL C:/KDH/Doc/18y6s/adca/PCFG/PCFG_18/fpga_pc_test/vhdl/Averager.vhd \
      PB ieee/std_logic_1164 1381692176 PB ieee/std_logic_arith 1381692177 \
      PB ieee/STD_LOGIC_UNSIGNED 1381692179 LB UNISIM PH unisim/VCOMPONENTS 1381692182
AR work/Averager/Behavioral 1542799490 \
      FL C:/KDH/Doc/18y6s/adca/PCFG/PCFG_18/fpga_pc_test/vhdl/Averager.vhd \
      EN work/Averager 1542799489 CP CompSub
FL C:/KDH/Doc/18y6s/adca/PCFG/PCFG_18/fpga_pc_test/vhdl/CompSub.vhd 2018/11/21.15:16:07 P.20131013
EN work/CompSub 1542799471 \
      FL C:/KDH/Doc/18y6s/adca/PCFG/PCFG_18/fpga_pc_test/vhdl/CompSub.vhd \
      PB ieee/std_logic_1164 1381692176 PB ieee/std_logic_arith 1381692177 \
      PB ieee/STD_LOGIC_UNSIGNED 1381692179 LB UNISIM PH unisim/VCOMPONENTS 1381692182
AR work/CompSub/Behavioral 1542799472 \
      FL C:/KDH/Doc/18y6s/adca/PCFG/PCFG_18/fpga_pc_test/vhdl/CompSub.vhd \
      EN work/CompSub 1542799471
FL C:/KDH/Doc/18y6s/adca/PCFG/PCFG_18/fpga_pc_test/vhdl/DACcnt.vhd 2018/11/21.19:37:53 P.20131013
EN work/DACcnt 1542799475 \
      FL C:/KDH/Doc/18y6s/adca/PCFG/PCFG_18/fpga_pc_test/vhdl/DACcnt.vhd \
      PB ieee/std_logic_1164 1381692176 PB ieee/std_logic_arith 1381692177 \
      PB ieee/STD_LOGIC_UNSIGNED 1381692179
AR work/DACcnt/Behavioral 1542799476 \
      FL C:/KDH/Doc/18y6s/adca/PCFG/PCFG_18/fpga_pc_test/vhdl/DACcnt.vhd \
      EN work/DACcnt 1542799475
FL C:/KDH/Doc/18y6s/adca/PCFG/PCFG_18/fpga_pc_test/vhdl/pcfg_top.vhd 2018/11/21.19:37:53 P.20131013
EN work/PCFG_TOP 1542799491 \
      FL C:/KDH/Doc/18y6s/adca/PCFG/PCFG_18/fpga_pc_test/vhdl/pcfg_top.vhd \
      PB ieee/std_logic_1164 1381692176 PB ieee/std_logic_arith 1381692177 \
      PB ieee/STD_LOGIC_UNSIGNED 1381692179 LB UNISIM PH unisim/VCOMPONENTS 1381692182
AR work/PCFG_TOP/Behavioral 1542799492 \
      FL C:/KDH/Doc/18y6s/adca/PCFG/PCFG_18/fpga_pc_test/vhdl/pcfg_top.vhd \
      EN work/PCFG_TOP 1542799491 CP IBUFG CP TOP_8254 CP address_decoder \
      CP signal_controller CP sram2k CP Averager
FL C:/KDH/Doc/18y6s/adca/PCFG/PCFG_18/fpga_pc_test/vhdl/remcontroller.vhd 2018/11/21.15:16:07 P.20131013
EN work/RemController 1542799473 \
      FL C:/KDH/Doc/18y6s/adca/PCFG/PCFG_18/fpga_pc_test/vhdl/remcontroller.vhd \
      PB ieee/std_logic_1164 1381692176 PB ieee/std_logic_arith 1381692177 \
      PB ieee/STD_LOGIC_UNSIGNED 1381692179
AR work/RemController/Behavioral 1542799474 \
      FL C:/KDH/Doc/18y6s/adca/PCFG/PCFG_18/fpga_pc_test/vhdl/remcontroller.vhd \
      EN work/RemController 1542799473
FL C:/KDH/Doc/18y6s/adca/PCFG/PCFG_18/fpga_pc_test/vhdl/signal_controller.vhd 2018/11/21.20:24:17 P.20131013
EN work/signal_controller 1542799485 \
      FL C:/KDH/Doc/18y6s/adca/PCFG/PCFG_18/fpga_pc_test/vhdl/signal_controller.vhd \
      PB ieee/std_logic_1164 1381692176 PB ieee/std_logic_arith 1381692177 \
      PB ieee/STD_LOGIC_UNSIGNED 1381692179 LB UNISIM PH unisim/VCOMPONENTS 1381692182
AR work/signal_controller/Behavioral 1542799486 \
      FL C:/KDH/Doc/18y6s/adca/PCFG/PCFG_18/fpga_pc_test/vhdl/signal_controller.vhd \
      EN work/signal_controller 1542799485 CP RemController CP DACcnt CP ADCcnt
FL C:/KDH/Doc/18y6s/adca/PCFG/PCFG_18/fpga_pc_test/vhdl/top_8254.vhd 2018/11/21.15:16:08 P.20131013
EN work/TOP_8254 1542799481 \
      FL C:/KDH/Doc/18y6s/adca/PCFG/PCFG_18/fpga_pc_test/vhdl/top_8254.vhd \
      PB ieee/std_logic_1164 1381692176 PB ieee/std_logic_arith 1381692177 \
      PB ieee/STD_LOGIC_UNSIGNED 1381692179
AR work/TOP_8254/Behavioral 1542799482 \
      FL C:/KDH/Doc/18y6s/adca/PCFG/PCFG_18/fpga_pc_test/vhdl/top_8254.vhd \
      EN work/TOP_8254 1542799481 CP TW_8254_CNT
FL C:/KDH/Doc/18y6s/adca/PCFG/PCFG_18/fpga_pc_test/vhdl/tw_8254_cnt.vhd 2018/11/21.15:16:08 P.20131013
EN work/TW_8254_CNT 1542799479 \
      FL C:/KDH/Doc/18y6s/adca/PCFG/PCFG_18/fpga_pc_test/vhdl/tw_8254_cnt.vhd \
      PB ieee/std_logic_1164 1381692176 PB ieee/std_logic_arith 1381692177 \
      PB ieee/STD_LOGIC_UNSIGNED 1381692179
AR work/TW_8254_CNT/Behavioral 1542799480 \
      FL C:/KDH/Doc/18y6s/adca/PCFG/PCFG_18/fpga_pc_test/vhdl/tw_8254_cnt.vhd \
      EN work/TW_8254_CNT 1542799479
