EN compsub NULL D:/study/sogang/18y6s/adca/Project/PCFG_18/avrager/CompSub.vhd sub00/vhpl02 1542289869
AR compsub behavioral D:/study/sogang/18y6s/adca/Project/PCFG_18/avrager/CompSub.vhd sub00/vhpl03 1542289870
AR averager behavioral D:/study/sogang/18y6s/adca/Project/PCFG_18/avrager/Averager.vhd sub00/vhpl01 1542289872
EN averager NULL D:/study/sogang/18y6s/adca/Project/PCFG_18/avrager/Averager.vhd sub00/vhpl00 1542289871
