Release 14.7 - xst P.20131013 (nt64)
Copyright (c) 1995-2013 Xilinx, Inc.  All rights reserved.
--> Parameter TMPDIR set to xst/projnav.tmp


Total REAL time to Xst completion: 1.00 secs
Total CPU time to Xst completion: 0.42 secs
 
--> Parameter xsthdpdir set to xst


Total REAL time to Xst completion: 1.00 secs
Total CPU time to Xst completion: 0.42 secs
 
--> Reading design: tb_pcfg.prj

TABLE OF CONTENTS
  1) Synthesis Options Summary
  2) HDL Compilation
  3) Design Hierarchy Analysis
  4) HDL Analysis
  5) HDL Synthesis
     5.1) HDL Synthesis Report
  6) Advanced HDL Synthesis
     6.1) Advanced HDL Synthesis Report
  7) Low Level Synthesis
  8) Partition Report
  9) Final Report
	9.1) Device utilization summary
	9.2) Partition Resource Summary
	9.3) TIMING REPORT


=========================================================================
*                      Synthesis Options Summary                        *
=========================================================================
---- Source Parameters
Input File Name                    : "tb_pcfg.prj"
Input Format                       : mixed
Ignore Synthesis Constraint File   : NO

---- Target Parameters
Output File Name                   : "tb_pcfg"
Output Format                      : NGC
Target Device                      : xc3s5000-4-fg900

---- Source Options
Top Module Name                    : tb_pcfg
Automatic FSM Extraction           : YES
FSM Encoding Algorithm             : Auto
Safe Implementation                : No
FSM Style                          : LUT
RAM Extraction                     : Yes
RAM Style                          : Auto
ROM Extraction                     : Yes
Mux Style                          : Auto
Decoder Extraction                 : YES
Priority Encoder Extraction        : Yes
Shift Register Extraction          : YES
Logical Shifter Extraction         : YES
XOR Collapsing                     : YES
ROM Style                          : Auto
Mux Extraction                     : Yes
Resource Sharing                   : YES
Asynchronous To Synchronous        : NO
Multiplier Style                   : Auto
Automatic Register Balancing       : No

---- Target Options
Add IO Buffers                     : YES
Global Maximum Fanout              : 100000
Add Generic Clock Buffer(BUFG)     : 8
Register Duplication               : YES
Slice Packing                      : YES
Optimize Instantiated Primitives   : NO
Use Clock Enable                   : Yes
Use Synchronous Set                : Yes
Use Synchronous Reset              : Yes
Pack IO Registers into IOBs        : Auto
Equivalent register Removal        : YES

---- General Options
Optimization Goal                  : Speed
Optimization Effort                : 1
Keep Hierarchy                     : No
Netlist Hierarchy                  : As_Optimized
RTL Output                         : Yes
Global Optimization                : AllClockNets
Read Cores                         : YES
Write Timing Constraints           : NO
Cross Clock Analysis               : NO
Hierarchy Separator                : /
Bus Delimiter                      : <>
Case Specifier                     : Maintain
Slice Utilization Ratio            : 100
BRAM Utilization Ratio             : 100
Verilog 2001                       : YES
Auto BRAM Packing                  : NO
Slice Utilization Ratio Delta      : 5

---- Other Options
Cores Search Directories           : {"ipcore_dir"  }

=========================================================================


=========================================================================
*                          HDL Compilation                              *
=========================================================================
Compiling vhdl file "C:/Users/user1/Documents/xilinx/oxford/CompSub.vhd" in Library work.
Entity <compsub> compiled.
Entity <compsub> (Architecture <behavioral>) compiled.
Compiling vhdl file "C:/Users/user1/Documents/xilinx/oxford/remcontroller.vhd" in Library work.
Entity <remcontroller> compiled.
Entity <remcontroller> (Architecture <behavioral>) compiled.
Compiling vhdl file "C:/Users/user1/Documents/xilinx/oxford/DACcnt.vhd" in Library work.
Entity <DACcnt> compiled.
Entity <DACcnt> (Architecture <Behavioral>) compiled.
Compiling vhdl file "C:/Users/user1/Documents/xilinx/oxford/tw_8254_cnt.vhd" in Library work.
Architecture behavioral of Entity tw_8254_cnt is up to date.
Compiling vhdl file "C:/Users/user1/Documents/xilinx/oxford/top_8254.vhd" in Library work.
Architecture behavioral of Entity top_8254 is up to date.
Compiling vhdl file "C:/Users/user1/Documents/xilinx/oxford/address_decoder.vhd" in Library work.
Architecture behavioral of Entity address_decoder is up to date.
Compiling vhdl file "C:/Users/user1/Documents/xilinx/oxford/signal_controller.vhd" in Library work.
Entity <signal_controller> compiled.
Entity <signal_controller> (Architecture <behavioral>) compiled.
Compiling vhdl file "C:/Users/user1/Documents/xilinx/oxford/ipcore_dir/Ram0.vhd" in Library work.
Architecture ram0_a of Entity ram0 is up to date.
Compiling vhdl file "C:/Users/user1/Documents/xilinx/oxford/ipcore_dir/Ram1.vhd" in Library work.
Architecture ram1_a of Entity ram1 is up to date.
Compiling vhdl file "C:/Users/user1/Documents/xilinx/oxford/ipcore_dir/DA_RAM.vhd" in Library work.
Architecture da_ram_a of Entity da_ram is up to date.
Compiling vhdl file "C:/Users/user1/Documents/xilinx/oxford/ipcore_dir/AD_RAM.vhd" in Library work.
Architecture ad_ram_a of Entity ad_ram is up to date.
Compiling vhdl file "C:/Users/user1/Documents/xilinx/oxford/Averager.vhd" in Library work.
Architecture behavioral of Entity averager is up to date.
Compiling vhdl file "C:/Users/user1/Documents/xilinx/oxford/pcfg_top.vhd" in Library work.
Entity <pcfg_top> compiled.
Entity <pcfg_top> (Architecture <behavioral>) compiled.
Compiling vhdl file "C:/Users/user1/Documents/xilinx/oxford/tb_pcfg.vhd" in Library work.
Entity <tb_pcfg> compiled.
ERROR:HDLParsers:1015 - "C:/Users/user1/Documents/xilinx/oxford/tb_pcfg.vhd" Line 104. Wait for statement unsupported.
ERROR:HDLParsers:1015 - "C:/Users/user1/Documents/xilinx/oxford/tb_pcfg.vhd" Line 107. Wait for statement unsupported.
ERROR:HDLParsers:1015 - "C:/Users/user1/Documents/xilinx/oxford/tb_pcfg.vhd" Line 113. Wait for statement unsupported.
ERROR:HDLParsers:1015 - "C:/Users/user1/Documents/xilinx/oxford/tb_pcfg.vhd" Line 133. Wait for statement unsupported.
ERROR:HDLParsers:1015 - "C:/Users/user1/Documents/xilinx/oxford/tb_pcfg.vhd" Line 135. Wait for statement unsupported.
ERROR:HDLParsers:1015 - "C:/Users/user1/Documents/xilinx/oxford/tb_pcfg.vhd" Line 140. Wait for statement unsupported.
ERROR:HDLParsers:1015 - "C:/Users/user1/Documents/xilinx/oxford/tb_pcfg.vhd" Line 172. Wait for statement unsupported.
ERROR:HDLParsers:1015 - "C:/Users/user1/Documents/xilinx/oxford/tb_pcfg.vhd" Line 174. Wait for statement unsupported.
ERROR:HDLParsers:1015 - "C:/Users/user1/Documents/xilinx/oxford/tb_pcfg.vhd" Line 183. Wait for statement unsupported.
ERROR:HDLParsers:1015 - "C:/Users/user1/Documents/xilinx/oxford/tb_pcfg.vhd" Line 185. Wait for statement unsupported.
ERROR:HDLParsers:1015 - "C:/Users/user1/Documents/xilinx/oxford/tb_pcfg.vhd" Line 189. Wait for statement unsupported.
ERROR:HDLParsers:1015 - "C:/Users/user1/Documents/xilinx/oxford/tb_pcfg.vhd" Line 191. Wait for statement unsupported.
ERROR:HDLParsers:1015 - "C:/Users/user1/Documents/xilinx/oxford/tb_pcfg.vhd" Line 193. Wait for statement unsupported.
ERROR:HDLParsers:1015 - "C:/Users/user1/Documents/xilinx/oxford/tb_pcfg.vhd" Line 198. Wait for statement unsupported.
ERROR:HDLParsers:1015 - "C:/Users/user1/Documents/xilinx/oxford/tb_pcfg.vhd" Line 201. Wait for statement unsupported.
ERROR:HDLParsers:1015 - "C:/Users/user1/Documents/xilinx/oxford/tb_pcfg.vhd" Line 203. Wait for statement unsupported.
--> 

Total memory usage is 4549696 kilobytes

Number of errors   :   16 (   0 filtered)
Number of warnings :    0 (   0 filtered)
Number of infos    :    0 (   0 filtered)

