AR tw_8254_cnt behavioral C:/KDH/Doc/18y6s/adca/PCFG/PCFG_18/mainProject/vhdl/tw_8254_cnt.vhd sub00/vhpl05 1542694612
EN sram2k NULL C:/KDH/Doc/18y6s/adca/PCFG/PCFG_18/mainProject/ipcore_dir/sram2k.vhd sub00/vhpl28 1542689074
EN signal_controller NULL C:/KDH/Doc/18y6s/adca/PCFG/PCFG_18/mainProject/vhdl/signal_controller.vhd sub00/vhpl10 1542694617
EN compsub NULL C:/KDH/Doc/18y6s/adca/PCFG/PCFG_18/mainProject/vhdl/CompSub.vhd sub00/vhpl00 1542694603
AR daccnt behavioral C:/KDH/Doc/18y6s/adca/PCFG/PCFG_18/mainProject/vhdl/DACcnt.vhd sub00/vhpl25 1542694608
AR da_ram da_ram_a C:/KDH/Doc/18y6s/adca/PCFG/PCFG_18/mainProject/ipcore_dir/DA_RAM.vhd sub00/vhpl17 1542677814
AR ram1 ram1_a C:/KDH/Doc/18y6s/adca/PCFG/PCFG_18/mainProject/ipcore_dir/Ram1.vhd sub00/vhpl15 1542677812
AR compsub behavioral C:/KDH/Doc/18y6s/adca/PCFG/PCFG_18/mainProject/vhdl/CompSub.vhd sub00/vhpl01 1542694604
AR ram0 ram0_a C:/KDH/Doc/18y6s/adca/PCFG/PCFG_18/mainProject/ipcore_dir/Ram0.vhd sub00/vhpl13 1542677810
AR pcfg_top behavioral C:/KDH/Doc/18y6s/adca/PCFG/PCFG_18/mainProject/vhdl/pcfg_top.vhd sub00/vhpl23 1542689079
EN tw_8254_cnt NULL C:/KDH/Doc/18y6s/adca/PCFG/PCFG_18/mainProject/vhdl/tw_8254_cnt.vhd sub00/vhpl04 1542694611
EN ram0 NULL C:/KDH/Doc/18y6s/adca/PCFG/PCFG_18/mainProject/ipcore_dir/Ram0.vhd sub00/vhpl12 1542677809
EN ram1 NULL C:/KDH/Doc/18y6s/adca/PCFG/PCFG_18/mainProject/ipcore_dir/Ram1.vhd sub00/vhpl14 1542677811
AR averager behavioral C:/KDH/Doc/18y6s/adca/PCFG/PCFG_18/mainProject/vhdl/Averager.vhd sub00/vhpl21 1542689077
EN da_ram NULL C:/KDH/Doc/18y6s/adca/PCFG/PCFG_18/mainProject/ipcore_dir/DA_RAM.vhd sub00/vhpl16 1542677813
AR sram2k sram2k_a C:/KDH/Doc/18y6s/adca/PCFG/PCFG_18/mainProject/ipcore_dir/sram2k.vhd sub00/vhpl29 1542689075
AR address_decoder behavioral C:/KDH/Doc/18y6s/adca/PCFG/PCFG_18/mainProject/vhdl/address_decoder.vhd sub00/vhpl09 1542694616
EN daccnt NULL C:/KDH/Doc/18y6s/adca/PCFG/PCFG_18/mainProject/vhdl/DACcnt.vhd sub00/vhpl24 1542694607
AR adccnt behavioral C:/KDH/Doc/18y6s/adca/PCFG/PCFG_18/mainProject/vhdl/ADCcnt.vhd sub00/vhpl27 1542694610
AR ad_ram ad_ram_a C:/KDH/Doc/18y6s/adca/PCFG/PCFG_18/mainProject/ipcore_dir/AD_RAM.vhd sub00/vhpl19 1542677816
EN pcfg_top NULL C:/KDH/Doc/18y6s/adca/PCFG/PCFG_18/mainProject/vhdl/pcfg_top.vhd sub00/vhpl22 1542689078
EN ad_ram NULL C:/KDH/Doc/18y6s/adca/PCFG/PCFG_18/mainProject/ipcore_dir/AD_RAM.vhd sub00/vhpl18 1542677815
EN adccnt NULL C:/KDH/Doc/18y6s/adca/PCFG/PCFG_18/mainProject/vhdl/ADCcnt.vhd sub00/vhpl26 1542694609
EN address_decoder NULL C:/KDH/Doc/18y6s/adca/PCFG/PCFG_18/mainProject/vhdl/address_decoder.vhd sub00/vhpl08 1542694615
EN top_8254 NULL C:/KDH/Doc/18y6s/adca/PCFG/PCFG_18/mainProject/vhdl/top_8254.vhd sub00/vhpl06 1542694613
AR signal_controller behavioral C:/KDH/Doc/18y6s/adca/PCFG/PCFG_18/mainProject/vhdl/signal_controller.vhd sub00/vhpl11 1542689073
EN averager NULL C:/KDH/Doc/18y6s/adca/PCFG/PCFG_18/mainProject/vhdl/Averager.vhd sub00/vhpl20 1542689076
EN remcontroller NULL C:/KDH/Doc/18y6s/adca/PCFG/PCFG_18/mainProject/vhdl/remcontroller.vhd sub00/vhpl02 1542694605
AR remcontroller behavioral C:/KDH/Doc/18y6s/adca/PCFG/PCFG_18/mainProject/vhdl/remcontroller.vhd sub00/vhpl03 1542694606
AR top_8254 behavioral C:/KDH/Doc/18y6s/adca/PCFG/PCFG_18/mainProject/vhdl/top_8254.vhd sub00/vhpl07 1542694614
