AR memprove behavioral C:/KDH/Doc/18y6s/adca/PCFG/PCFG_18/MemProve/vhdl/MemProve.vhd sub00/vhpl05 1542709110
EN memprove NULL C:/KDH/Doc/18y6s/adca/PCFG/PCFG_18/MemProve/vhdl/MemProve.vhd sub00/vhpl04 1542709109
EN dual_port_ram NULL C:/KDH/Doc/18y6s/adca/PCFG/PCFG_18/MemProve/ipcore_dir/dual_port_ram.vhd sub00/vhpl00 1542709105
EN remcontroller NULL C:/KDH/Doc/18y6s/adca/PCFG/PCFG_18/MemProve/vhdl/remcontroller.vhd sub00/vhpl02 1542709107
AR dual_port_ram dual_port_ram_a C:/KDH/Doc/18y6s/adca/PCFG/PCFG_18/MemProve/ipcore_dir/dual_port_ram.vhd sub00/vhpl01 1542709106
AR remcontroller behavioral C:/KDH/Doc/18y6s/adca/PCFG/PCFG_18/MemProve/vhdl/remcontroller.vhd sub00/vhpl03 1542709108
