V3 14
FL C:/KDH/Doc/18y6s/adca/PCFG/PCFG_18/MemProve/ipcore_dir/dual_port_ram.vhd 2018/11/18.13:14:09 P.20131013
FL C:/KDH/Doc/18y6s/adca/PCFG/PCFG_18/MemProve/vhdl/MemProve.vhd 2018/11/18.13:14:09 P.20131013
FL C:/KDH/Doc/18y6s/adca/PCFG/PCFG_18/MemProve/vhdl/remcontroller.vhd 2018/11/18.13:14:09 P.20131013
FL D:/study/sogang/18y6s/adca/Project/PCFG_18/MemProve/ipcore_dir/dual_port_ram.vhd 2018/11/15.20:42:43 P.20131013
EN work/dual_port_ram 1542722871 \
      FL D:/study/sogang/18y6s/adca/Project/PCFG_18/MemProve/ipcore_dir/dual_port_ram.vhd \
      PB ieee/std_logic_1164 1381692176
AR work/dual_port_ram/dual_port_ram_a 1542722872 \
      FL D:/study/sogang/18y6s/adca/Project/PCFG_18/MemProve/ipcore_dir/dual_port_ram.vhd \
      EN work/dual_port_ram 1542722871
FL D:/study/sogang/18y6s/adca/Project/PCFG_18/MemProve/vhdl/MemProve.vhd 2018/11/16.22:45:03 P.20131013
EN work/MemProve 1542722875 \
      FL D:/study/sogang/18y6s/adca/Project/PCFG_18/MemProve/vhdl/MemProve.vhd \
      PB ieee/std_logic_1164 1381692176
AR work/MemProve/Behavioral 1542722876 \
      FL D:/study/sogang/18y6s/adca/Project/PCFG_18/MemProve/vhdl/MemProve.vhd \
      EN work/MemProve 1542722875 CP dual_port_ram CP RemController
FL D:/study/sogang/18y6s/adca/Project/PCFG_18/MemProve/vhdl/remcontroller.vhd 2018/11/15.23:47:14 P.20131013
EN work/RemController 1542722873 \
      FL D:/study/sogang/18y6s/adca/Project/PCFG_18/MemProve/vhdl/remcontroller.vhd \
      PB ieee/std_logic_1164 1381692176 PB ieee/std_logic_arith 1381692177 \
      PB ieee/STD_LOGIC_UNSIGNED 1381692179
AR work/RemController/Behavioral 1542722874 \
      FL D:/study/sogang/18y6s/adca/Project/PCFG_18/MemProve/vhdl/remcontroller.vhd \
      EN work/RemController 1542722873
